Archive member included to satisfy reference by file (symbol)

C:/nxp/MCUXpressoIDE_11.10.0_3148/ide/plugins/com.nxp.mcuxpresso.tools.win32_11.10.0.202311280810/tools/bin/../lib/gcc/arm-none-eabi/13.2.1/../../../../arm-none-eabi/lib/thumb/v7e-m+fp/hard\libcr_nohost_nf.a(_cr__main.o)
                              ./startup/startup_mk66f18.o (__main)
C:/nxp/MCUXpressoIDE_11.10.0_3148/ide/plugins/com.nxp.mcuxpresso.tools.win32_11.10.0.202311280810/tools/bin/../lib/gcc/arm-none-eabi/13.2.1/../../../../arm-none-eabi/lib/thumb/v7e-m+fp/hard\libcr_c.a(memcpy.o)
                              ./utilities/fsl_debug_console.o (memcpy)
C:/nxp/MCUXpressoIDE_11.10.0_3148/ide/plugins/com.nxp.mcuxpresso.tools.win32_11.10.0.202311280810/tools/bin/../lib/gcc/arm-none-eabi/13.2.1/../../../../arm-none-eabi/lib/thumb/v7e-m+fp/hard\libcr_c.a(memset.o)
                              ./source/accelerometer.o (memset)
C:/nxp/MCUXpressoIDE_11.10.0_3148/ide/plugins/com.nxp.mcuxpresso.tools.win32_11.10.0.202311280810/tools/bin/../lib/gcc/arm-none-eabi/13.2.1/../../../../arm-none-eabi/lib/thumb/v7e-m+fp/hard\libcr_c.a(alloc.o)
                              ./drivers/fsl_common.o (malloc)
C:/nxp/MCUXpressoIDE_11.10.0_3148/ide/plugins/com.nxp.mcuxpresso.tools.win32_11.10.0.202311280810/tools/bin/../lib/gcc/arm-none-eabi/13.2.1/../../../../arm-none-eabi/lib/thumb/v7e-m+fp/hard\libcr_c.a(initio.o)
                              C:/nxp/MCUXpressoIDE_11.10.0_3148/ide/plugins/com.nxp.mcuxpresso.tools.win32_11.10.0.202311280810/tools/bin/../lib/gcc/arm-none-eabi/13.2.1/../../../../arm-none-eabi/lib/thumb/v7e-m+fp/hard\libcr_nohost_nf.a(_cr__main.o) (_initio)
C:/nxp/MCUXpressoIDE_11.10.0_3148/ide/plugins/com.nxp.mcuxpresso.tools.win32_11.10.0.202311280810/tools/bin/../lib/gcc/arm-none-eabi/13.2.1/../../../../arm-none-eabi/lib/thumb/v7e-m+fp/hard\libcr_c.a(setvbuf.o)
                              C:/nxp/MCUXpressoIDE_11.10.0_3148/ide/plugins/com.nxp.mcuxpresso.tools.win32_11.10.0.202311280810/tools/bin/../lib/gcc/arm-none-eabi/13.2.1/../../../../arm-none-eabi/lib/thumb/v7e-m+fp/hard\libcr_c.a(initio.o) (setvbuf)
C:/nxp/MCUXpressoIDE_11.10.0_3148/ide/plugins/com.nxp.mcuxpresso.tools.win32_11.10.0.202311280810/tools/bin/../lib/gcc/arm-none-eabi/13.2.1/../../../../arm-none-eabi/lib/thumb/v7e-m+fp/hard\libcr_c.a(strlen.o)
                              ./utilities/fsl_debug_console.o (strlen)
C:/nxp/MCUXpressoIDE_11.10.0_3148/ide/plugins/com.nxp.mcuxpresso.tools.win32_11.10.0.202311280810/tools/bin/../lib/gcc/arm-none-eabi/13.2.1/../../../../arm-none-eabi/lib/thumb/v7e-m+fp/hard\libcr_c.a(__init_alloc.o)
                              C:/nxp/MCUXpressoIDE_11.10.0_3148/ide/plugins/com.nxp.mcuxpresso.tools.win32_11.10.0.202311280810/tools/bin/../lib/gcc/arm-none-eabi/13.2.1/../../../../arm-none-eabi/lib/thumb/v7e-m+fp/hard\libcr_c.a(alloc.o) (__heaps)
C:/nxp/MCUXpressoIDE_11.10.0_3148/ide/plugins/com.nxp.mcuxpresso.tools.win32_11.10.0.202311280810/tools/bin/../lib/gcc/arm-none-eabi/13.2.1/../../../../arm-none-eabi/lib/thumb/v7e-m+fp/hard\libcr_c.a(_cr_sbrk.o)
                              C:/nxp/MCUXpressoIDE_11.10.0_3148/ide/plugins/com.nxp.mcuxpresso.tools.win32_11.10.0.202311280810/tools/bin/../lib/gcc/arm-none-eabi/13.2.1/../../../../arm-none-eabi/lib/thumb/v7e-m+fp/hard\libcr_c.a(alloc.o) (_sbrk)
C:/nxp/MCUXpressoIDE_11.10.0_3148/ide/plugins/com.nxp.mcuxpresso.tools.win32_11.10.0.202311280810/tools/bin/../lib/gcc/arm-none-eabi/13.2.1/../../../../arm-none-eabi/lib/thumb/v7e-m+fp/hard\libcr_c.a(_fdopen.o)
                              C:/nxp/MCUXpressoIDE_11.10.0_3148/ide/plugins/com.nxp.mcuxpresso.tools.win32_11.10.0.202311280810/tools/bin/../lib/gcc/arm-none-eabi/13.2.1/../../../../arm-none-eabi/lib/thumb/v7e-m+fp/hard\libcr_c.a(initio.o) (_fdopen)
C:/nxp/MCUXpressoIDE_11.10.0_3148/ide/plugins/com.nxp.mcuxpresso.tools.win32_11.10.0.202311280810/tools/bin/../lib/gcc/arm-none-eabi/13.2.1/../../../../arm-none-eabi/lib/thumb/v7e-m+fp/hard\libcr_c.a(errno.o)
                              C:/nxp/MCUXpressoIDE_11.10.0_3148/ide/plugins/com.nxp.mcuxpresso.tools.win32_11.10.0.202311280810/tools/bin/../lib/gcc/arm-none-eabi/13.2.1/../../../../arm-none-eabi/lib/thumb/v7e-m+fp/hard\libcr_c.a(_cr_sbrk.o) (errno)
C:/nxp/MCUXpressoIDE_11.10.0_3148/ide/plugins/com.nxp.mcuxpresso.tools.win32_11.10.0.202311280810/tools/bin/../lib/gcc/arm-none-eabi/13.2.1/../../../../arm-none-eabi/lib/thumb/v7e-m+fp/hard\libcr_c.a(fclose.o)
                              C:/nxp/MCUXpressoIDE_11.10.0_3148/ide/plugins/com.nxp.mcuxpresso.tools.win32_11.10.0.202311280810/tools/bin/../lib/gcc/arm-none-eabi/13.2.1/../../../../arm-none-eabi/lib/thumb/v7e-m+fp/hard\libcr_c.a(initio.o) (fclose)
C:/nxp/MCUXpressoIDE_11.10.0_3148/ide/plugins/com.nxp.mcuxpresso.tools.win32_11.10.0.202311280810/tools/bin/../lib/gcc/arm-none-eabi/13.2.1/../../../../arm-none-eabi/lib/thumb/v7e-m+fp/hard\libcr_c.a(fflush.o)
[...]
Memory Configuration

Name             Origin             Length             Attributes
PROGRAM_FLASH    0x00000000         0x00200000         xr
SRAM_UPPER       0x20000000         0x00030000         xrw
SRAM_LOWER       0x1fff0000         0x00010000         xrw
FLEX_RAM         0x14000000         0x00001000         xrw
*default*        0x00000000         0xffffffff

Linker script and memory map

LOAD ./utilities/fsl_assert.o
LOAD ./utilities/fsl_debug_console.o
LOAD ./startup/startup_mk66f18.o
LOAD ./source/MazeGame.o
LOAD ./source/accelerometer.o
LOAD ./source/function.o
LOAD ./source/main.o
LOAD ./drivers/fsl_clock.o
LOAD ./drivers/fsl_common.o
LOAD ./drivers/fsl_common_arm.o
LOAD ./drivers/fsl_ftfx_cache.o
LOAD ./drivers/fsl_ftfx_controller.o
LOAD ./drivers/fsl_ftfx_flash.o
LOAD ./drivers/fsl_ftfx_flexnvm.o
LOAD ./drivers/fsl_gpio.o
LOAD ./drivers/fsl_i2c.o
LOAD ./drivers/fsl_lpuart.o
LOAD ./drivers/fsl_smc.o
LOAD ./drivers/fsl_uart.o
LOAD ./device/system_MK66F18.o
LOAD ./component/uart/fsl_adapter_uart.o
LOAD ./component/lists/fsl_component_generic_list.o
LOAD ./board/board.o
LOAD ./board/clock_config.o
LOAD ./board/peripherals.o
LOAD ./board/pin_mux.o
START GROUP
LOAD C:/nxp/MCUXpressoIDE_11.10.0_3148/ide/plugins/com.nxp.mcuxpresso.tools.win32_11.10.0.202311280810/tools/bin/../lib/gcc/arm-none-eabi/13.2.1/../../../../arm-none-eabi/lib/thumb/v7e-m+fp/hard\libcr_nohost_nf.a
LOAD C:/nxp/MCUXpressoIDE_11.10.0_3148/ide/plugins/com.nxp.mcuxpresso.tools.win32_11.10.0.202311280810/tools/bin/../lib/gcc/arm-none-eabi/13.2.1/../../../../arm-none-eabi/lib/thumb/v7e-m+fp/hard\libcr_c.a
LOAD C:/nxp/MCUXpressoIDE_11.10.0_3148/ide/plugins/com.nxp.mcuxpresso.tools.win32_11.10.0.202311280810/tools/bin/../lib/gcc/arm-none-eabi/13.2.1/thumb/v7e-m+fp/hard\libcr_eabihelpers.a
LOAD C:/nxp/MCUXpressoIDE_11.10.0_3148/ide/plugins/com.nxp.mcuxpresso.tools.win32_11.10.0.202311280810/tools/bin/../lib/gcc/arm-none-eabi/13.2.1/thumb/v7e-m+fp/hard\libgcc.a
END GROUP
                0x00000000                        __base_PROGRAM_FLASH = 0x0
                0x00000000                        __base_Flash = 0x0
                0x00200000                        __top_PROGRAM_FLASH = 0x200000
                0x00200000                        __top_Flash = 0x200000
                0x20000000                        __base_SRAM_UPPER = 0x20000000
                0x20000000                        __base_RAM = 0x20000000
                0x20030000                        __top_SRAM_UPPER = 0x20030000
                0x20030000                        __top_RAM = 0x20030000
                0x1fff0000                        __base_SRAM_LOWER = 0x1fff0000
                0x1fff0000                        __base_RAM2 = 0x1fff0000
                0x20000000                        __top_SRAM_LOWER = 0x20000000
                0x20000000                        __top_RAM2 = 0x20000000
                0x14000000                        __base_FLEX_RAM = 0x14000000
                0x14000000                        __base_RAM3 = 0x14000000
                0x14001000                        __top_FLEX_RAM = 0x14001000
                0x14001000                        __top_RAM3 = 0x14001000

.text           0x00000000     0x59e8
 FILL mask 0xff
                0x00000000                        __vectors_start__ = ABSOLUTE (.)
 *(SORT_BY_ALIGNMENT(.isr_vector))
 .isr_vector    0x00000000      0x1d0 ./startup/startup_mk66f18.o
                0x00000000                g_pfnVectors
                0x00000000                __Vectors
                0x000001d0                        . = ALIGN (0x4)
                0x000001d0                        __section_table_start = .
                0x000001d0                        __data_section_table = .
                0x000001d0        0x4 LONG 0x59e8 LOADADDR (.data)
                0x000001d4        0x4 LONG 0x20000000 ADDR (.data)
                0x000001d8        0x4 LONG 0x50 SIZEOF (.data)
                0x000001dc        0x4 LONG 0x59e8 LOADADDR (.data_RAM2)
                0x000001e0        0x4 LONG 0x1fff0000 ADDR (.data_RAM2)
                0x000001e4        0x4 LONG 0x0 SIZEOF (.data_RAM2)
                0x000001e8        0x4 LONG 0x59e8 LOADADDR (.data_RAM3)
                0x000001ec        0x4 LONG 0x14000000 ADDR (.data_RAM3)
                0x000001f0        0x4 LONG 0x0 SIZEOF (.data_RAM3)
                0x000001f4                        __data_section_table_end = .
                0x000001f4                        __bss_section_table = .
                0x000001f4        0x4 LONG 0x20000050 ADDR (.bss)
                0x000001f8        0x4 LONG 0x150 SIZEOF (.bss)
                0x000001fc        0x4 LONG 0x1fff0000 ADDR (.bss_RAM2)
                0x00000200        0x4 LONG 0x0 SIZEOF (.bss_RAM2)
                0x00000204        0x4 LONG 0x14000000 ADDR (.bss_RAM3)
                0x00000208        0x4 LONG 0x0 SIZEOF (.bss_RAM3)
                0x0000020c                        __bss_section_table_end = .
                0x0000020c                        __section_table_end = .
 *(SORT_BY_ALIGNMENT(.after_vectors*))
 .after_vectors.reset
                0x0000020c       0x4c ./startup/startup_mk66f18.o
                0x0000020c                ResetISR
 .after_vectors.init_data
                0x00000258       0x1e ./startup/startup_mk66f18.o
                0x00000258                data_init
 .after_vectors.init_bss
                0x00000276       0x12 ./startup/startup_mk66f18.o
                0x00000276                bss_init
 .after_vectors
                0x00000288       0x14 ./startup/startup_mk66f18.o
                0x00000288                NMI_Handler
                0x0000028a                HardFault_Handler
                0x0000028c                MemManage_Handler
                0x0000028e                BusFault_Handler
                0x00000290                UsageFault_Handler
                0x00000292                SVC_Handler
                0x00000294                DebugMon_Handler
                0x00000296                PendSV_Handler
                0x00000298                SysTick_Handler
                0x0000029a                DMA_Error_DriverIRQHandler
                0x0000029a                FTM1_DriverIRQHandler
                0x0000029a                FTM2_DriverIRQHandler
                0x0000029a                PIT2_DriverIRQHandler
                0x0000029a                TPM2_DriverIRQHandler
                0x0000029a                SDHC_DriverIRQHandler
                0x0000029a                DMA7_DMA23_DriverIRQHandler
                0x0000029a                I2S0_Tx_DriverIRQHandler
                0x0000029a                TSI0_DriverIRQHandler
                0x0000029a                RTC_Seconds_DriverIRQHandler
                0x0000029a                CMP3_DriverIRQHandler
                0x0000029a                LLWU_DriverIRQHandler
                0x0000029a                MCM_DriverIRQHandler
                0x0000029a                DMA14_DMA30_DriverIRQHandler
                0x0000029a                MCG_DriverIRQHandler
                0x0000029a                ENET_1588_Timer_DriverIRQHandler
                0x0000029a                DAC1_DriverIRQHandler
                0x0000029a                LPTMR0_DriverIRQHandler
                0x0000029a                CMP1_DriverIRQHandler
                0x0000029a                USBHSDCD_DriverIRQHandler
                0x0000029a                DMA0_DMA16_DriverIRQHandler
                0x0000029a                FTM0_DriverIRQHandler
                0x0000029a                IntDefaultHandler
                0x0000029a                USB0_DriverIRQHandler
                0x0000029a                PORTC_DriverIRQHandler
                0x0000029a                DMA2_DMA18_DriverIRQHandler
                0x0000029a                DAC0_DriverIRQHandler
                0x0000029a                CMP2_DriverIRQHandler
                0x0000029a                UART2_ERR_DriverIRQHandler
                0x0000029a                SPI2_DriverIRQHandler
                0x0000029a                LVD_LVW_DriverIRQHandler
                0x0000029a                Reserved84_DriverIRQHandler
                0x0000029a                SPI1_DriverIRQHandler
                0x0000029a                RNG_DriverIRQHandler
                0x0000029a                USBDCD_DriverIRQHandler
                0x0000029a                UART3_ERR_DriverIRQHandler
                0x0000029a                DMA12_DMA28_DriverIRQHandler
                0x0000029a                DMA10_DMA26_DriverIRQHandler
                0x0000029a                UART0_ERR_DriverIRQHandler
                0x0000029a                CMT_DriverIRQHandler
                0x0000029a                Reserved71_DriverIRQHandler
                0x0000029a                ADC1_DriverIRQHandler
                0x0000029a                PORTA_DriverIRQHandler
                0x0000029a                DMA1_DMA17_DriverIRQHandler
                0x0000029a                PIT3_DriverIRQHandler
                0x0000029a                PIT1_DriverIRQHandler
                0x0000029a                TPM1_DriverIRQHandler
                0x0000029a                WDOG_EWM_DriverIRQHandler
                0x0000029a                PDB0_DriverIRQHandler
                0x0000029a                DMA8_DMA24_DriverIRQHandler
                0x0000029a                DMA6_DMA22_DriverIRQHandler
                0x0000029a                RTC_DriverIRQHandler
                0x0000029a                I2S0_Rx_DriverIRQHandler
                0x0000029a                Read_Collision_DriverIRQHandler
                0x0000029a                SWI_DriverIRQHandler
                0x0000029a                UART4_ERR_DriverIRQHandler
                0x0000029a                PORTB_DriverIRQHandler
                0x0000029a                DMA13_DMA29_DriverIRQHandler
                0x0000029a                DMA11_DMA27_DriverIRQHandler
                0x0000029a                DMA4_DMA20_DriverIRQHandler
                0x0000029a                DMA9_DMA25_DriverIRQHandler
                0x0000029a                ENET_Receive_DriverIRQHandler
                0x0000029a                DMA3_DMA19_DriverIRQHandler
                0x0000029a                ENET_Error_DriverIRQHandler
                0x0000029a                Reserved85_DriverIRQHandler
                0x0000029a                SPI0_DriverIRQHandler
                0x0000029a                ADC0_DriverIRQHandler
                0x0000029a                USBHS_DriverIRQHandler
                0x0000029a                CMP0_DriverIRQHandler
                0x0000029a                CAN0_DriverIRQHandler
                0x0000029a                FTM3_DriverIRQHandler
                0x0000029a                DMA5_DMA21_DriverIRQHandler
                0x0000029a                PIT0_DriverIRQHandler
                0x0000029a                DMA15_DMA31_DriverIRQHandler
                0x0000029a                UART1_ERR_DriverIRQHandler
                0x0000029a                ENET_Transmit_DriverIRQHandler
                0x0000029a                PORTD_DriverIRQHandler
                0x0000029a                Reserved46_DriverIRQHandler
                0x0000029a                PORTE_DriverIRQHandler
                0x0000029a                FTFE_DriverIRQHandler
                0x0000029a                CAN1_DriverIRQHandler
                0x00000400                        . = 0x400
 *fill*         0x0000029c      0x164 ff
                0x00000400                        PROVIDE (__FLASH_CONFIG_START__ = .)
 *(SORT_BY_ALIGNMENT(.FlashConfig))
 .FlashConfig   0x00000400       0x10 ./startup/startup_mk66f18.o
                0x00000400                Flash_Config
                0x00000410                        PROVIDE (__FLASH_CONFIG_END__ = .)
                0x00000001                        ASSERT (! ((__FLASH_CONFIG_START__ == __FLASH_CONFIG_END__)), Linker Flash Config Support Enabled, but no .FlashConfig section provided within application)
 *(SORT_BY_ALIGNMENT(.text*))
 .text.__assertion_failed
                0x00000410       0x18 ./utilities/fsl_assert.o
                0x00000410                __assertion_failed
 .text.DbgConsole_Init
                0x00000428       0x74 ./utilities/fsl_debug_console.o
                0x00000428                DbgConsole_Init
 .text.DbgConsole_Vprintf
                0x0000049c       0x3c ./utilities/fsl_debug_console.o
                0x0000049c                DbgConsole_Vprintf
 .text.DbgConsole_Putchar
                0x000004d8       0x30 ./utilities/fsl_debug_console.o
                0x000004d8                DbgConsole_Putchar
 .text.DbgConsole_PrintfFormattedData
                0x00000508      0x9d8 ./utilities/fsl_debug_console.o
 .text.showMaze
                0x00000ee0       0xac ./source/MazeGame.o
                0x00000ee0                showMaze
 .text.MovePlayer
                0x00000f8c      0x150 ./source/MazeGame.o
                0x00000f8c                MovePlayer
 .text.RedLedBlink
                0x000010dc       0x24 ./source/MazeGame.o
                0x000010dc                RedLedBlink
 .text.GreenLedBlink
                0x00001100       0x24 ./source/MazeGame.o
                0x00001100                GreenLedBlink
 .text.BlueLedBlink
                0x00001124       0x50 ./source/MazeGame.o
                0x00001124                BlueLedBlink
 .text.resetGame
                0x00001174       0x34 ./source/MazeGame.o
                0x00001174                resetGame
 .text.PORT_SetPinConfig
                0x000011a8       0x38 ./source/accelerometer.o
 .text.BOARD_I2C_ReleaseBus
                0x000011e0       0xf8 ./source/accelerometer.o
                0x000011e0                BOARD_I2C_ReleaseBus
 .text.i2c_master_callback
                0x000012d8       0x48 ./source/accelerometer.o
                0x000012d8                i2c_master_callback
 .text.I2C_InitModule
                0x00001320       0x3c ./source/accelerometer.o
                0x00001320                I2C_InitModule
 .text.I2C_ReadAccelWhoAmI
                0x0000135c      0x1d4 ./source/accelerometer.o
                0x0000135c                I2C_ReadAccelWhoAmI
 .text.I2C_WriteAccelReg
                0x00001530       0xa8 ./source/accelerometer.o
                0x00001530                I2C_WriteAccelReg
 .text.I2C_ReadAccelRegs
                0x000015d8       0xa0 ./source/accelerometer.o
                0x000015d8                I2C_ReadAccelRegs
 .text.CalibrateAccelerometer
                0x00001678      0x110 ./source/accelerometer.o
                0x00001678                CalibrateAccelerometer
 .text          0x00001788       0xd0 ./source/function.o
                0x00001788                red_led_setup
                0x000017ac                green_led_setup
                0x000017d0                blue_led_setup
                0x000017f4                func_red_led_on
                0x000017fe                func_red_led_off
                0x00001808                func_green_led_on
                0x00001812                func_green_led_off
                0x0000181c                func_blue_led_on
                0x00001826                func_blue_led_off
 .text.__NVIC_EnableIRQ
                0x00001858       0x3c ./source/main.o
 .text.main     0x00001894      0x1b0 ./source/main.o
                0x00001894                main
 .text.setupResetButton
                0x00001a44       0x44 ./source/main.o
                0x00001a44                setupResetButton
 .text.PORTD_IRQHandler
                0x00001a88       0x24 ./source/main.o
                0x00001a88                PORTD_IRQHandler
 .text.CLOCK_SetEr32kClock
                0x00001aac       0x30 ./drivers/fsl_clock.o
 .text.CLOCK_SetPllFllSelClock
                0x00001adc       0x54 ./drivers/fsl_clock.o
 .text.CLOCK_GetMcgExtClkFreq
                0x00001b30       0x7c ./drivers/fsl_clock.o
 .text.CLOCK_GetFllExtRefClkFreq
                0x00001bac       0xb0 ./drivers/fsl_clock.o
 .text.CLOCK_GetInternalRefClkSelectFreq
                0x00001c5c       0x4c ./drivers/fsl_clock.o
 .text.CLOCK_GetFllRefClkFreq
                0x00001ca8       0x34 ./drivers/fsl_clock.o
 .text.CLOCK_GetOscRangeFromFreq
                0x00001cdc       0x3c ./drivers/fsl_clock.o
 .text.CLOCK_GetOsc0ErClkUndivFreq
                0x00001d18       0x44 ./drivers/fsl_clock.o
                0x00001d18                CLOCK_GetOsc0ErClkUndivFreq
 .text.CLOCK_GetOsc0ErClkDivFreq
                0x00001d5c       0x58 ./drivers/fsl_clock.o
                0x00001d5c                CLOCK_GetOsc0ErClkDivFreq
 .text.CLOCK_GetEr32kClkFreq
                0x00001db4       0x74 ./drivers/fsl_clock.o
                0x00001db4                CLOCK_GetEr32kClkFreq
 .text.CLOCK_GetPllFllSelClkFreq
                0x00001e28       0x90 ./drivers/fsl_clock.o
                0x00001e28                CLOCK_GetPllFllSelClkFreq
 .text.CLOCK_GetCoreSysClkFreq
                0x00001eb8       0x28 ./drivers/fsl_clock.o
                0x00001eb8                CLOCK_GetCoreSysClkFreq
 .text.CLOCK_GetFreq
                0x00001ee0      0x148 ./drivers/fsl_clock.o
                0x00001ee0                CLOCK_GetFreq
 .text.CLOCK_SetSimConfig
                0x00002028       0x40 ./drivers/fsl_clock.o
                0x00002028                CLOCK_SetSimConfig
 .text.CLOCK_GetOutClkFreq
                0x00002068       0x90 ./drivers/fsl_clock.o
                0x00002068                CLOCK_GetOutClkFreq
 .text.CLOCK_GetFllFreq
                0x000020f8       0x84 ./drivers/fsl_clock.o
                0x000020f8                CLOCK_GetFllFreq
 .text.CLOCK_GetInternalRefClkFreq
                0x0000217c       0x30 ./drivers/fsl_clock.o
                0x0000217c                CLOCK_GetInternalRefClkFreq
 .text.CLOCK_GetPll0Freq
                0x000021ac       0x7c ./drivers/fsl_clock.o
                0x000021ac                CLOCK_GetPll0Freq
 .text.CLOCK_GetExtPllFreq
                0x00002228       0x18 ./drivers/fsl_clock.o
                0x00002228                CLOCK_GetExtPllFreq
 .text.CLOCK_SetExternalRefClkConfig
                0x00002240       0x6c ./drivers/fsl_clock.o
                0x00002240                CLOCK_SetExternalRefClkConfig
 .text.CLOCK_SetInternalRefClkConfig
                0x000022ac      0x104 ./drivers/fsl_clock.o
                0x000022ac                CLOCK_SetInternalRefClkConfig
 .text.CLOCK_EnablePll0
                0x000023b0       0x88 ./drivers/fsl_clock.o
                0x000023b0                CLOCK_EnablePll0
 .text.CLOCK_InitOsc0
                0x00002438       0x8c ./drivers/fsl_clock.o
                0x00002438                CLOCK_InitOsc0
 .text.CLOCK_SetPbeMode
                0x000024c4       0xe8 ./drivers/fsl_clock.o
                0x000024c4                CLOCK_SetPbeMode
 .text.CLOCK_BootToPeeMode
                0x000025ac       0x68 ./drivers/fsl_clock.o
                0x000025ac                CLOCK_BootToPeeMode
 .text.SDK_DelayAtLeastUs
                0x00002614       0x8c ./drivers/fsl_common_arm.o
                0x00002614                SDK_DelayAtLeastUs
 .text.GPIO_GetInstance
                0x000026a0       0x4c ./drivers/fsl_gpio.o
 .text.GPIO_PinInit
                0x000026ec       0x64 ./drivers/fsl_gpio.o
                0x000026ec                GPIO_PinInit
 .text.GPIO_PortClearInterruptFlags
                0x00002750       0x34 ./drivers/fsl_gpio.o
                0x00002750                GPIO_PortClearInterruptFlags
 .text.__NVIC_EnableIRQ
                0x00002784       0x3c ./drivers/fsl_i2c.o
 .text.I2C_GetInstance
                0x000027c0       0x4c ./drivers/fsl_i2c.o
                0x000027c0                I2C_GetInstance
 .text.I2C_MasterTransferRunStateMachine
                0x0000280c      0x24c ./drivers/fsl_i2c.o
 .text.I2C_TransferCommonIRQHandler
                0x00002a58       0x58 ./drivers/fsl_i2c.o
 .text.I2C_MasterInit
                0x00002ab0       0xe4 ./drivers/fsl_i2c.o
                0x00002ab0                I2C_MasterInit
 .text.I2C_MasterGetDefaultConfig
                0x00002b94       0x48 ./drivers/fsl_i2c.o
                0x00002b94                I2C_MasterGetDefaultConfig
 .text.I2C_MasterSetBaudRate
                0x00002bdc       0xe8 ./drivers/fsl_i2c.o
                0x00002bdc                I2C_MasterSetBaudRate
 .text.I2C_MasterTransferCreateHandle
                0x00002cc4       0x74 ./drivers/fsl_i2c.o
                0x00002cc4                I2C_MasterTransferCreateHandle
 .text.I2C_MasterTransferNonBlocking
                0x00002d38       0x64 ./drivers/fsl_i2c.o
                0x00002d38                I2C_MasterTransferNonBlocking
 .text.I2C_MasterTransferHandleIRQ
                0x00002d9c       0xb4 ./drivers/fsl_i2c.o
                0x00002d9c                I2C_MasterTransferHandleIRQ
 .text.I2C0_DriverIRQHandler
                0x00002e50       0x1c ./drivers/fsl_i2c.o
                0x00002e50                I2C0_DriverIRQHandler
 .text.I2C1_DriverIRQHandler
                0x00002e6c       0x1c ./drivers/fsl_i2c.o
                0x00002e6c                I2C1_DriverIRQHandler
 .text.I2C2_DriverIRQHandler
                0x00002e88       0x1c ./drivers/fsl_i2c.o
                0x00002e88                I2C2_DriverIRQHandler
 .text.I2C3_DriverIRQHandler
                0x00002ea4       0x1c ./drivers/fsl_i2c.o
                0x00002ea4                I2C3_DriverIRQHandler
 .text.LPUART0_DriverIRQHandler
                0x00002ec0       0x28 ./drivers/fsl_lpuart.o
                0x00002ec0                LPUART0_DriverIRQHandler
 .text.UART_GetInstance
                0x00002ee8       0x54 ./drivers/fsl_uart.o
                0x00002ee8                UART_GetInstance
 .text.UART_Init
                0x00002f3c      0x2f4 ./drivers/fsl_uart.o
                0x00002f3c                UART_Init
 .text.UART_GetDefaultConfig
                0x00003230       0x68 ./drivers/fsl_uart.o
                0x00003230                UART_GetDefaultConfig
 .text.UART_ReadBlocking
                0x00003298       0xfc ./drivers/fsl_uart.o
                0x00003298                UART_ReadBlocking
 .text.UART0_DriverIRQHandler
                0x00003394       0x28 ./drivers/fsl_uart.o
                0x00003394                UART0_DriverIRQHandler
 .text.UART1_DriverIRQHandler
                0x000033bc       0x28 ./drivers/fsl_uart.o
                0x000033bc                UART1_DriverIRQHandler
 .text.UART2_DriverIRQHandler
                0x000033e4       0x28 ./drivers/fsl_uart.o
                0x000033e4                UART2_DriverIRQHandler
 .text.UART3_DriverIRQHandler
                0x0000340c       0x28 ./drivers/fsl_uart.o
                0x0000340c                UART3_DriverIRQHandler
 .text.UART4_DriverIRQHandler
                0x00003434       0x28 ./drivers/fsl_uart.o
                0x00003434                UART4_DriverIRQHandler
 .text.SystemInit
                0x0000345c       0x3c ./device/system_MK66F18.o
                0x0000345c                SystemInit
 .text.HAL_UartInit
                0x00003498      0x128 ./component/uart/fsl_adapter_uart.o
                0x00003498                HAL_UartInit
 .text.HAL_UartReceiveBlocking
                0x000035c0       0x6c ./component/uart/fsl_adapter_uart.o
                0x000035c0                HAL_UartReceiveBlocking
 .text.HAL_UartSendBlocking
                0x0000362c       0x64 ./component/uart/fsl_adapter_uart.o
                0x0000362c                HAL_UartSendBlocking
 .text.CLOCK_SetSimSafeDivs
                0x00003690       0x24 ./board/clock_config.o
 .text.CLOCK_SetXtal0Freq
                0x000036b4       0x20 ./board/clock_config.o
 .text.CLOCK_CONFIG_SetFllExtRefDiv
                0x000036d4       0x3c ./board/clock_config.o
 .text.BOARD_BootClockRUN
                0x00003710       0x60 ./board/clock_config.o
                0x00003710                BOARD_BootClockRUN
 .text.PORT_SetPinConfig
                0x00003770       0x38 ./board/pin_mux.o
 .text.BOARD_InitPins
                0x000037a8       0x64 ./board/pin_mux.o
                0x000037a8                BOARD_InitPins
 .text.BOARD_I2C_ConfigurePins
                0x0000380c       0x70 ./board/pin_mux.o
                0x0000380c                BOARD_I2C_ConfigurePins
 .text.BOARD_InitDEBUG_UARTPins
                0x0000387c       0x20 ./board/pin_mux.o
                0x0000387c                BOARD_InitDEBUG_UARTPins
 .text._initio  0x0000389c       0x78 C:/nxp/MCUXpressoIDE_11.10.0_3148/ide/plugins/com.nxp.mcuxpresso.tools.win32_11.10.0.202311280810/tools/bin/../lib/gcc/arm-none-eabi/13.2.1/../../../../arm-none-eabi/lib/thumb/v7e-m+fp/hard\libcr_c.a(initio.o)
                0x0000389c                _initio
 .text.fflush   0x00003914       0x3c C:/nxp/MCUXpressoIDE_11.10.0_3148/ide/plugins/com.nxp.mcuxpresso.tools.win32_11.10.0.202311280810/tools/bin/../lib/gcc/arm-none-eabi/13.2.1/../../../../arm-none-eabi/lib/thumb/v7e-m+fp/hard\libcr_c.a(fflush.o)
                0x00003914                fflush
 .text.fseek    0x00003950       0xf8 C:/nxp/MCUXpressoIDE_11.10.0_3148/ide/plugins/com.nxp.mcuxpresso.tools.win32_11.10.0.202311280810/tools/bin/../lib/gcc/arm-none-eabi/13.2.1/../../../../arm-none-eabi/lib/thumb/v7e-m+fp/hard\libcr_c.a(fseek.o)
                0x00003950                fseek
 .text.ftell    0x00003a48       0x44 C:/nxp/MCUXpressoIDE_11.10.0_3148/ide/plugins/com.nxp.mcuxpresso.tools.win32_11.10.0.202311280810/tools/bin/../lib/gcc/arm-none-eabi/13.2.1/../../../../arm-none-eabi/lib/thumb/v7e-m+fp/hard\libcr_c.a(ftell.o)
                0x00003a48                ftell
 .text._Cwritebuf
                0x00003a8c       0x6c C:/nxp/MCUXpressoIDE_11.10.0_3148/ide/plugins/com.nxp.mcuxpresso.tools.win32_11.10.0.202311280810/tools/bin/../lib/gcc/arm-none-eabi/13.2.1/../../../../arm-none-eabi/lib/thumb/v7e-m+fp/hard\libcr_c.a(_writebuf.o)
                0x00003a8c                _Cwritebuf
 .text.DbgConsole_Printf
                0x00003af8       0x2c ./utilities/fsl_debug_console.o
                0x00003af8                DbgConsole_Printf
 .text.DbgConsole_PrintfPaddingCharacter
                0x00003b24       0x40 ./utilities/fsl_debug_console.o
 .text.DbgConsole_ConvertRadixNumToString
                0x00003b64      0x2b0 ./utilities/fsl_debug_console.o
 .text.DMA0_DMA16_IRQHandler
                0x00003e14        0x8 ./startup/startup_mk66f18.o
                0x00003e14                DMA0_DMA16_IRQHandler
 .text.DMA1_DMA17_IRQHandler
                0x00003e1c        0x8 ./startup/startup_mk66f18.o
                0x00003e1c                DMA1_DMA17_IRQHandler
 .text.DMA2_DMA18_IRQHandler
                0x00003e24        0x8 ./startup/startup_mk66f18.o
                0x00003e24                DMA2_DMA18_IRQHandler
 .text.DMA3_DMA19_IRQHandler
                0x00003e2c        0x8 ./startup/startup_mk66f18.o
                0x00003e2c                DMA3_DMA19_IRQHandler
 .text.DMA4_DMA20_IRQHandler
                0x00003e34        0x8 ./startup/startup_mk66f18.o
                0x00003e34                DMA4_DMA20_IRQHandler
 .text.DMA5_DMA21_IRQHandler
                0x00003e3c        0x8 ./startup/startup_mk66f18.o
                0x00003e3c                DMA5_DMA21_IRQHandler
 .text.DMA6_DMA22_IRQHandler
                0x00003e44        0x8 ./startup/startup_mk66f18.o
                0x00003e44                DMA6_DMA22_IRQHandler
 .text.DMA7_DMA23_IRQHandler
                0x00003e4c        0x8 ./startup/startup_mk66f18.o
                0x00003e4c                DMA7_DMA23_IRQHandler
 .text.DMA8_DMA24_IRQHandler
                0x00003e54        0x8 ./startup/startup_mk66f18.o
                0x00003e54                DMA8_DMA24_IRQHandler
 .text.DMA9_DMA25_IRQHandler
                0x00003e5c        0x8 ./startup/startup_mk66f18.o
                0x00003e5c                DMA9_DMA25_IRQHandler
 .text.DMA10_DMA26_IRQHandler
                0x00003e64        0x8 ./startup/startup_mk66f18.o
                0x00003e64                DMA10_DMA26_IRQHandler
 .text.DMA11_DMA27_IRQHandler
                0x00003e6c        0x8 ./startup/startup_mk66f18.o
                0x00003e6c                DMA11_DMA27_IRQHandler
 .text.DMA12_DMA28_IRQHandler
                0x00003e74        0x8 ./startup/startup_mk66f18.o
                0x00003e74                DMA12_DMA28_IRQHandler
 .text.DMA13_DMA29_IRQHandler
                0x00003e7c        0x8 ./startup/startup_mk66f18.o
                0x00003e7c                DMA13_DMA29_IRQHandler
 .text.DMA14_DMA30_IRQHandler
                0x00003e84        0x8 ./startup/startup_mk66f18.o
                0x00003e84                DMA14_DMA30_IRQHandler
 .text.DMA15_DMA31_IRQHandler
                0x00003e8c        0x8 ./startup/startup_mk66f18.o
                0x00003e8c                DMA15_DMA31_IRQHandler
 .text.DMA_Error_IRQHandler
                0x00003e94        0x8 ./startup/startup_mk66f18.o
                0x00003e94                DMA_Error_IRQHandler
 .text.MCM_IRQHandler
                0x00003e9c        0x8 ./startup/startup_mk66f18.o
                0x00003e9c                MCM_IRQHandler
 .text.FTFE_IRQHandler
                0x00003ea4        0x8 ./startup/startup_mk66f18.o
                0x00003ea4                FTFE_IRQHandler
 .text.Read_Collision_IRQHandler
                0x00003eac        0x8 ./startup/startup_mk66f18.o
                0x00003eac                Read_Collision_IRQHandler
 .text.LVD_LVW_IRQHandler
                0x00003eb4        0x8 ./startup/startup_mk66f18.o
                0x00003eb4                LVD_LVW_IRQHandler
 .text.LLWU_IRQHandler
                0x00003ebc        0x8 ./startup/startup_mk66f18.o
                0x00003ebc                LLWU_IRQHandler
 .text.WDOG_EWM_IRQHandler
                0x00003ec4        0x8 ./startup/startup_mk66f18.o
                0x00003ec4                WDOG_EWM_IRQHandler
 .text.RNG_IRQHandler
                0x00003ecc        0x8 ./startup/startup_mk66f18.o
                0x00003ecc                RNG_IRQHandler
 .text.I2C0_IRQHandler
                0x00003ed4        0x8 ./startup/startup_mk66f18.o
                0x00003ed4                I2C0_IRQHandler
 .text.I2C1_IRQHandler
                0x00003edc        0x8 ./startup/startup_mk66f18.o
                0x00003edc                I2C1_IRQHandler
 .text.SPI0_IRQHandler
                0x00003ee4        0x8 ./startup/startup_mk66f18.o
                0x00003ee4                SPI0_IRQHandler
 .text.SPI1_IRQHandler
                0x00003eec        0x8 ./startup/startup_mk66f18.o
                0x00003eec                SPI1_IRQHandler
 .text.I2S0_Tx_IRQHandler
                0x00003ef4        0x8 ./startup/startup_mk66f18.o
                0x00003ef4                I2S0_Tx_IRQHandler
 .text.I2S0_Rx_IRQHandler
                0x00003efc        0x8 ./startup/startup_mk66f18.o
                0x00003efc                I2S0_Rx_IRQHandler
 .text.Reserved46_IRQHandler
                0x00003f04        0x8 ./startup/startup_mk66f18.o
                0x00003f04                Reserved46_IRQHandler
 .text.UART0_RX_TX_IRQHandler
                0x00003f0c        0x8 ./startup/startup_mk66f18.o
                0x00003f0c                UART0_RX_TX_IRQHandler
 .text.UART0_ERR_IRQHandler
                0x00003f14        0x8 ./startup/startup_mk66f18.o
                0x00003f14                UART0_ERR_IRQHandler
 .text.UART1_RX_TX_IRQHandler
                0x00003f1c        0x8 ./startup/startup_mk66f18.o
                0x00003f1c                UART1_RX_TX_IRQHandler
 .text.UART1_ERR_IRQHandler
                0x00003f24        0x8 ./startup/startup_mk66f18.o
                0x00003f24                UART1_ERR_IRQHandler
 .text.UART2_RX_TX_IRQHandler
                0x00003f2c        0x8 ./startup/startup_mk66f18.o
                0x00003f2c                UART2_RX_TX_IRQHandler
 .text.UART2_ERR_IRQHandler
                0x00003f34        0x8 ./startup/startup_mk66f18.o
                0x00003f34                UART2_ERR_IRQHandler
 .text.UART3_RX_TX_IRQHandler
                0x00003f3c        0x8 ./startup/startup_mk66f18.o
                0x00003f3c                UART3_RX_TX_IRQHandler
 .text.UART3_ERR_IRQHandler
                0x00003f44        0x8 ./startup/startup_mk66f18.o
                0x00003f44                UART3_ERR_IRQHandler
 .text.ADC0_IRQHandler
                0x00003f4c        0x8 ./startup/startup_mk66f18.o
                0x00003f4c                ADC0_IRQHandler
 .text.CMP0_IRQHandler
                0x00003f54        0x8 ./startup/startup_mk66f18.o
                0x00003f54                CMP0_IRQHandler
 .text.CMP1_IRQHandler
                0x00003f5c        0x8 ./startup/startup_mk66f18.o
                0x00003f5c                CMP1_IRQHandler
 .text.FTM0_IRQHandler
                0x00003f64        0x8 ./startup/startup_mk66f18.o
                0x00003f64                FTM0_IRQHandler
 .text.FTM1_IRQHandler
                0x00003f6c        0x8 ./startup/startup_mk66f18.o
                0x00003f6c                FTM1_IRQHandler
 .text.FTM2_IRQHandler
                0x00003f74        0x8 ./startup/startup_mk66f18.o
                0x00003f74                FTM2_IRQHandler
 .text.CMT_IRQHandler
                0x00003f7c        0x8 ./startup/startup_mk66f18.o
                0x00003f7c                CMT_IRQHandler
 .text.RTC_IRQHandler
                0x00003f84        0x8 ./startup/startup_mk66f18.o
                0x00003f84                RTC_IRQHandler
 .text.RTC_Seconds_IRQHandler
                0x00003f8c        0x8 ./startup/startup_mk66f18.o
                0x00003f8c                RTC_Seconds_IRQHandler
 .text.PIT0_IRQHandler
                0x00003f94        0x8 ./startup/startup_mk66f18.o
                0x00003f94                PIT0_IRQHandler
 .text.PIT1_IRQHandler
                0x00003f9c        0x8 ./startup/startup_mk66f18.o
                0x00003f9c                PIT1_IRQHandler
 .text.PIT2_IRQHandler
                0x00003fa4        0x8 ./startup/startup_mk66f18.o
                0x00003fa4                PIT2_IRQHandler
 .text.PIT3_IRQHandler
                0x00003fac        0x8 ./startup/startup_mk66f18.o
                0x00003fac                PIT3_IRQHandler
 .text.PDB0_IRQHandler
                0x00003fb4        0x8 ./startup/startup_mk66f18.o
                0x00003fb4                PDB0_IRQHandler
 .text.USB0_IRQHandler
                0x00003fbc        0x8 ./startup/startup_mk66f18.o
                0x00003fbc                USB0_IRQHandler
 .text.USBDCD_IRQHandler
                0x00003fc4        0x8 ./startup/startup_mk66f18.o
                0x00003fc4                USBDCD_IRQHandler
 .text.Reserved71_IRQHandler
                0x00003fcc        0x8 ./startup/startup_mk66f18.o
                0x00003fcc                Reserved71_IRQHandler
 .text.DAC0_IRQHandler
                0x00003fd4        0x8 ./startup/startup_mk66f18.o
                0x00003fd4                DAC0_IRQHandler
 .text.MCG_IRQHandler
                0x00003fdc        0x8 ./startup/startup_mk66f18.o
                0x00003fdc                MCG_IRQHandler
 .text.LPTMR0_IRQHandler
                0x00003fe4        0x8 ./startup/startup_mk66f18.o
                0x00003fe4                LPTMR0_IRQHandler
 .text.PORTA_IRQHandler
                0x00003fec        0x8 ./startup/startup_mk66f18.o
                0x00003fec                PORTA_IRQHandler
 .text.PORTB_IRQHandler
                0x00003ff4        0x8 ./startup/startup_mk66f18.o
                0x00003ff4                PORTB_IRQHandler
 .text.PORTC_IRQHandler
                0x00003ffc        0x8 ./startup/startup_mk66f18.o
                0x00003ffc                PORTC_IRQHandler
 .text.PORTE_IRQHandler
                0x00004004        0x8 ./startup/startup_mk66f18.o
                0x00004004                PORTE_IRQHandler
 .text.SWI_IRQHandler
                0x0000400c        0x8 ./startup/startup_mk66f18.o
                0x0000400c                SWI_IRQHandler
 .text.SPI2_IRQHandler
                0x00004014        0x8 ./startup/startup_mk66f18.o
                0x00004014                SPI2_IRQHandler
 .text.UART4_RX_TX_IRQHandler
                0x0000401c        0x8 ./startup/startup_mk66f18.o
                0x0000401c                UART4_RX_TX_IRQHandler
 .text.UART4_ERR_IRQHandler
                0x00004024        0x8 ./startup/startup_mk66f18.o
                0x00004024                UART4_ERR_IRQHandler
 .text.Reserved84_IRQHandler
                0x0000402c        0x8 ./startup/startup_mk66f18.o
                0x0000402c                Reserved84_IRQHandler
 .text.Reserved85_IRQHandler
                0x00004034        0x8 ./startup/startup_mk66f18.o
                0x00004034                Reserved85_IRQHandler
 .text.CMP2_IRQHandler
                0x0000403c        0x8 ./startup/startup_mk66f18.o
                0x0000403c                CMP2_IRQHandler
 .text.FTM3_IRQHandler
                0x00004044        0x8 ./startup/startup_mk66f18.o
                0x00004044                FTM3_IRQHandler
 .text.DAC1_IRQHandler
                0x0000404c        0x8 ./startup/startup_mk66f18.o
                0x0000404c                DAC1_IRQHandler
 .text.ADC1_IRQHandler
                0x00004054        0x8 ./startup/startup_mk66f18.o
                0x00004054                ADC1_IRQHandler
 .text.I2C2_IRQHandler
                0x0000405c        0x8 ./startup/startup_mk66f18.o
                0x0000405c                I2C2_IRQHandler
 .text.CAN0_ORed_Message_buffer_IRQHandler
                0x00004064        0x8 ./startup/startup_mk66f18.o
                0x00004064                CAN0_ORed_Message_buffer_IRQHandler
 .text.CAN0_Bus_Off_IRQHandler
                0x0000406c        0x8 ./startup/startup_mk66f18.o
                0x0000406c                CAN0_Bus_Off_IRQHandler
 .text.CAN0_Error_IRQHandler
                0x00004074        0x8 ./startup/startup_mk66f18.o
                0x00004074                CAN0_Error_IRQHandler
 .text.CAN0_Tx_Warning_IRQHandler
                0x0000407c        0x8 ./startup/startup_mk66f18.o
                0x0000407c                CAN0_Tx_Warning_IRQHandler
 .text.CAN0_Rx_Warning_IRQHandler
                0x00004084        0x8 ./startup/startup_mk66f18.o
                0x00004084                CAN0_Rx_Warning_IRQHandler
 .text.CAN0_Wake_Up_IRQHandler
                0x0000408c        0x8 ./startup/startup_mk66f18.o
                0x0000408c                CAN0_Wake_Up_IRQHandler
 .text.SDHC_IRQHandler
                0x00004094        0x8 ./startup/startup_mk66f18.o
                0x00004094                SDHC_IRQHandler
 .text.ENET_1588_Timer_IRQHandler
                0x0000409c        0x8 ./startup/startup_mk66f18.o
                0x0000409c                ENET_1588_Timer_IRQHandler
 .text.ENET_Transmit_IRQHandler
                0x000040a4        0x8 ./startup/startup_mk66f18.o
                0x000040a4                ENET_Transmit_IRQHandler
 .text.ENET_Receive_IRQHandler
                0x000040ac        0x8 ./startup/startup_mk66f18.o
                0x000040ac                ENET_Receive_IRQHandler
 .text.ENET_Error_IRQHandler
                0x000040b4        0x8 ./startup/startup_mk66f18.o
                0x000040b4                ENET_Error_IRQHandler
 .text.LPUART0_IRQHandler
                0x000040bc        0x8 ./startup/startup_mk66f18.o
                0x000040bc                LPUART0_IRQHandler
 .text.TSI0_IRQHandler
                0x000040c4        0x8 ./startup/startup_mk66f18.o
                0x000040c4                TSI0_IRQHandler
 .text.TPM1_IRQHandler
                0x000040cc        0x8 ./startup/startup_mk66f18.o
                0x000040cc                TPM1_IRQHandler
 .text.TPM2_IRQHandler
                0x000040d4        0x8 ./startup/startup_mk66f18.o
                0x000040d4                TPM2_IRQHandler
 .text.USBHSDCD_IRQHandler
                0x000040dc        0x8 ./startup/startup_mk66f18.o
                0x000040dc                USBHSDCD_IRQHandler
 .text.I2C3_IRQHandler
                0x000040e4        0x8 ./startup/startup_mk66f18.o
                0x000040e4                I2C3_IRQHandler
 .text.CMP3_IRQHandler
                0x000040ec        0x8 ./startup/startup_mk66f18.o
                0x000040ec                CMP3_IRQHandler
 .text.USBHS_IRQHandler
                0x000040f4        0x8 ./startup/startup_mk66f18.o
                0x000040f4                USBHS_IRQHandler
 .text.CAN1_ORed_Message_buffer_IRQHandler
                0x000040fc        0x8 ./startup/startup_mk66f18.o
                0x000040fc                CAN1_ORed_Message_buffer_IRQHandler
 .text.CAN1_Bus_Off_IRQHandler
                0x00004104        0x8 ./startup/startup_mk66f18.o
                0x00004104                CAN1_Bus_Off_IRQHandler
 .text.CAN1_Error_IRQHandler
                0x0000410c        0x8 ./startup/startup_mk66f18.o
                0x0000410c                CAN1_Error_IRQHandler
 .text.CAN1_Tx_Warning_IRQHandler
                0x00004114        0x8 ./startup/startup_mk66f18.o
                0x00004114                CAN1_Tx_Warning_IRQHandler
 .text.CAN1_Rx_Warning_IRQHandler
                0x0000411c        0x8 ./startup/startup_mk66f18.o
                0x0000411c                CAN1_Rx_Warning_IRQHandler
 .text.CAN1_Wake_Up_IRQHandler
                0x00004124        0x8 ./startup/startup_mk66f18.o
                0x00004124                CAN1_Wake_Up_IRQHandler
 .text.LedSetup
                0x0000412c       0x14 ./source/MazeGame.o
                0x0000412c                LedSetup
 .text.CLOCK_EnableClock
                0x00004140       0x34 ./source/accelerometer.o
 .text.GPIO_PinWrite
                0x00004174       0x36 ./source/accelerometer.o
 .text.i2c_release_bus_delay
                0x000041aa       0x2c ./source/accelerometer.o
                0x000041aa                i2c_release_bus_delay
 .text.CLOCK_EnableClock
                0x000041d6       0x34 ./source/main.o
 .text.EnableIRQ
                0x0000420a       0x32 ./source/main.o
 .text.PORT_SetPinInterruptConfig
                0x0000423c       0x3a ./source/main.o
 .text.OSC_SetExtRefClkConfig
                0x00004276       0x40 ./drivers/fsl_clock.o
 .text.OSC_SetCapLoad
                0x000042b6       0x34 ./drivers/fsl_clock.o
 .text.CLOCK_GetPll0RefFreq
                0x000042ea        0xe ./drivers/fsl_clock.o
 .text.CLOCK_GetFixedFreqClkFreq
                0x000042f8       0x34 ./drivers/fsl_clock.o
                0x000042f8                CLOCK_GetFixedFreqClkFreq
 .text.DelayLoop
                0x0000432c       0x20 ./drivers/fsl_common_arm.o
 .text.GPIO_PinWrite
                0x0000434c       0x36 ./drivers/fsl_gpio.o
 .text.CLOCK_EnableClock
                0x00004382       0x34 ./drivers/fsl_i2c.o
 .text.EnableIRQ
                0x000043b6       0x32 ./drivers/fsl_i2c.o
 .text.I2C_MasterClearStatusFlags
                0x000043e8       0x5a ./drivers/fsl_i2c.o
 .text.I2C_InitTransferStateMachine
                0x00004442       0xd4 ./drivers/fsl_i2c.o
 .text.I2C_CheckAndClearError
                0x00004516       0x44 ./drivers/fsl_i2c.o
 .text.I2C_EnableInterrupts
                0x0000455a       0x56 ./drivers/fsl_i2c.o
                0x0000455a                I2C_EnableInterrupts
 .text.I2C_DisableInterrupts
                0x000045b0       0x4a ./drivers/fsl_i2c.o
                0x000045b0                I2C_DisableInterrupts
 .text.I2C_MasterStart
                0x000045fa       0x62 ./drivers/fsl_i2c.o
                0x000045fa                I2C_MasterStart
 .text.I2C_MasterRepeatedStart
                0x0000465c       0x9a ./drivers/fsl_i2c.o
                0x0000465c                I2C_MasterRepeatedStart
 .text.I2C_MasterStop
                0x000046f6       0x3a ./drivers/fsl_i2c.o
                0x000046f6                I2C_MasterStop
 .text.I2C_MasterGetStatusFlags
                0x00004730       0x4a ./drivers/fsl_i2c.o
                0x00004730                I2C_MasterGetStatusFlags
 .text.CLOCK_EnableClock
                0x0000477a       0x34 ./drivers/fsl_uart.o
 .text.UART_GetStatusFlags
                0x000047ae       0x48 ./drivers/fsl_uart.o
                0x000047ae                UART_GetStatusFlags
 .text.UART_ClearStatusFlags
                0x000047f6       0x80 ./drivers/fsl_uart.o
                0x000047f6                UART_ClearStatusFlags
 .text.UART_WriteBlocking
                0x00004876       0x50 ./drivers/fsl_uart.o
                0x00004876                UART_WriteBlocking
 .text.UART0_RX_TX_DriverIRQHandler
                0x000048c6       0x12 ./drivers/fsl_uart.o
                0x000048c6                UART0_RX_TX_DriverIRQHandler
 .text.UART1_RX_TX_DriverIRQHandler
                0x000048d8       0x12 ./drivers/fsl_uart.o
                0x000048d8                UART1_RX_TX_DriverIRQHandler
 .text.UART2_RX_TX_DriverIRQHandler
                0x000048ea       0x12 ./drivers/fsl_uart.o
                0x000048ea                UART2_RX_TX_DriverIRQHandler
 .text.UART3_RX_TX_DriverIRQHandler
                0x000048fc       0x12 ./drivers/fsl_uart.o
                0x000048fc                UART3_RX_TX_DriverIRQHandler
 .text.UART4_RX_TX_DriverIRQHandler
                0x0000490e       0x12 ./drivers/fsl_uart.o
                0x0000490e                UART4_RX_TX_DriverIRQHandler
 .text.SystemInitHook
                0x00004920        0xe ./device/system_MK66F18.o
                0x00004920                SystemInitHook
 .text.HAL_UartGetStatus
                0x0000492e       0x22 ./component/uart/fsl_adapter_uart.o
 .text.BOARD_InitDebugConsole
                0x00004950       0x22 ./board/board.o
                0x00004950                BOARD_InitDebugConsole
 .text.BOARD_InitBootClocks
                0x00004972        0xc ./board/clock_config.o
                0x00004972                BOARD_InitBootClocks
 .text.CLOCK_EnableClock
                0x0000497e       0x34 ./board/pin_mux.o
 .text.PORT_SetPinMux
                0x000049b2       0x3a ./board/pin_mux.o
 .text.BOARD_InitBootPins
                0x000049ec       0x18 ./board/pin_mux.o
                0x000049ec                BOARD_InitBootPins
 .text.BOARD_InitBUTTONsPins
                0x00004a04        0xe ./board/pin_mux.o
                0x00004a04                BOARD_InitBUTTONsPins
 .text.BOARD_InitLEDsPins
                0x00004a12        0xe ./board/pin_mux.o
                0x00004a12                BOARD_InitLEDsPins
 .text.__main   0x00004a20        0xe C:/nxp/MCUXpressoIDE_11.10.0_3148/ide/plugins/com.nxp.mcuxpresso.tools.win32_11.10.0.202311280810/tools/bin/../lib/gcc/arm-none-eabi/13.2.1/../../../../arm-none-eabi/lib/thumb/v7e-m+fp/hard\libcr_nohost_nf.a(_cr__main.o)
                0x00004a20                __main
 .text.memcpy   0x00004a2e        0x4 C:/nxp/MCUXpressoIDE_11.10.0_3148/ide/plugins/com.nxp.mcuxpresso.tools.win32_11.10.0.202311280810/tools/bin/../lib/gcc/arm-none-eabi/13.2.1/../../../../arm-none-eabi/lib/thumb/v7e-m+fp/hard\libcr_c.a(memcpy.o)
                0x00004a2e                memcpy
 .text.memset   0x00004a32        0x4 C:/nxp/MCUXpressoIDE_11.10.0_3148/ide/plugins/com.nxp.mcuxpresso.tools.win32_11.10.0.202311280810/tools/bin/../lib/gcc/arm-none-eabi/13.2.1/../../../../arm-none-eabi/lib/thumb/v7e-m+fp/hard\libcr_c.a(memset.o)
                0x00004a32                memset
 .text.free     0x00004a36       0x30 C:/nxp/MCUXpressoIDE_11.10.0_3148/ide/plugins/com.nxp.mcuxpresso.tools.win32_11.10.0.202311280810/tools/bin/../lib/gcc/arm-none-eabi/13.2.1/../../../../arm-none-eabi/lib/thumb/v7e-m+fp/hard\libcr_c.a(alloc.o)
                0x00004a36                free
 .text.setvbuf  0x00004a66       0x3e C:/nxp/MCUXpressoIDE_11.10.0_3148/ide/plugins/com.nxp.mcuxpresso.tools.win32_11.10.0.202311280810/tools/bin/../lib/gcc/arm-none-eabi/13.2.1/../../../../arm-none-eabi/lib/thumb/v7e-m+fp/hard\libcr_c.a(setvbuf.o)
                0x00004a66                setvbuf
 .text.strlen   0x00004aa4       0x4e C:/nxp/MCUXpressoIDE_11.10.0_3148/ide/plugins/com.nxp.mcuxpresso.tools.win32_11.10.0.202311280810/tools/bin/../lib/gcc/arm-none-eabi/13.2.1/../../../../arm-none-eabi/lib/thumb/v7e-m+fp/hard\libcr_c.a(strlen.o)
                0x00004aa4                strlen
 .text._fdopen  0x00004af2       0x68 C:/nxp/MCUXpressoIDE_11.10.0_3148/ide/plugins/com.nxp.mcuxpresso.tools.win32_11.10.0.202311280810/tools/bin/../lib/gcc/arm-none-eabi/13.2.1/../../../../arm-none-eabi/lib/thumb/v7e-m+fp/hard\libcr_c.a(_fdopen.o)
                0x00004af2                _fdopen
 .text.fclose   0x00004b5a       0x58 C:/nxp/MCUXpressoIDE_11.10.0_3148/ide/plugins/com.nxp.mcuxpresso.tools.win32_11.10.0.202311280810/tools/bin/../lib/gcc/arm-none-eabi/13.2.1/../../../../arm-none-eabi/lib/thumb/v7e-m+fp/hard\libcr_c.a(fclose.o)
                0x00004b5a                fclose
 .text.remove   0x00004bb2       0x14 C:/nxp/MCUXpressoIDE_11.10.0_3148/ide/plugins/com.nxp.mcuxpresso.tools.win32_11.10.0.202311280810/tools/bin/../lib/gcc/arm-none-eabi/13.2.1/../../../../arm-none-eabi/lib/thumb/v7e-m+fp/hard\libcr_c.a(remove.o)
                0x00004bb2                remove
 .text._do_fflush
                0x00004bc6       0x40 C:/nxp/MCUXpressoIDE_11.10.0_3148/ide/plugins/com.nxp.mcuxpresso.tools.win32_11.10.0.202311280810/tools/bin/../lib/gcc/arm-none-eabi/13.2.1/../../../../arm-none-eabi/lib/thumb/v7e-m+fp/hard\libcr_c.a(_do_fflush.o)
                0x00004bc6                _do_fflush
 .text._fflush  0x00004c06       0x52 C:/nxp/MCUXpressoIDE_11.10.0_3148/ide/plugins/com.nxp.mcuxpresso.tools.win32_11.10.0.202311280810/tools/bin/../lib/gcc/arm-none-eabi/13.2.1/../../../../arm-none-eabi/lib/thumb/v7e-m+fp/hard\libcr_c.a(_fflush.o)
                0x00004c06                _fflush
 .text._deferredlazyseek
                0x00004c58       0x40 C:/nxp/MCUXpressoIDE_11.10.0_3148/ide/plugins/com.nxp.mcuxpresso.tools.win32_11.10.0.202311280810/tools/bin/../lib/gcc/arm-none-eabi/13.2.1/../../../../arm-none-eabi/lib/thumb/v7e-m+fp/hard\libcr_c.a(_deferredlazyseek.o)
                0x00004c58                _deferredlazyseek
 .text.__aeabi_division_ldivmod
                0x00004c98       0x26 C:/nxp/MCUXpressoIDE_11.10.0_3148/ide/plugins/com.nxp.mcuxpresso.tools.win32_11.10.0.202311280810/tools/bin/../lib/gcc/arm-none-eabi/13.2.1/thumb/v7e-m+fp/hard\libcr_eabihelpers.a(division_64.o)
                0x00004c98                __aeabi_ldivmod
 .text.__aeabi_division_uldivmod
                0x00004cbe      0x174 C:/nxp/MCUXpressoIDE_11.10.0_3148/ide/plugins/com.nxp.mcuxpresso.tools.win32_11.10.0.202311280810/tools/bin/../lib/gcc/arm-none-eabi/13.2.1/thumb/v7e-m+fp/hard\libcr_eabihelpers.a(division_64.o)
                0x00004cbe                __aeabi_uldivmod
                0x00004cc2                __bhs_ldivmod1
 .text.__aeabi_division_idiv0
                0x00004e32        0x2 C:/nxp/MCUXpressoIDE_11.10.0_3148/ide/plugins/com.nxp.mcuxpresso.tools.win32_11.10.0.202311280810/tools/bin/../lib/gcc/arm-none-eabi/13.2.1/thumb/v7e-m+fp/hard\libcr_eabihelpers.a(division_idiv0.o)
                0x00004e32                __aeabi_idiv0
 .text.__aeabi_memcpy
                0x00004e34       0x34 C:/nxp/MCUXpressoIDE_11.10.0_3148/ide/plugins/com.nxp.mcuxpresso.tools.win32_11.10.0.202311280810/tools/bin/../lib/gcc/arm-none-eabi/13.2.1/thumb/v7e-m+fp/hard\libcr_eabihelpers.a(memcpy.o)
                0x00004e34                __aeabi_memcpy
                0x00004e3e                __aeabi_memcpy8
                0x00004e3e                __aeabi_memcpy4
 .text.__aeabi_memset_lowlevel
                0x00004e68       0x32 C:/nxp/MCUXpressoIDE_11.10.0_3148/ide/plugins/com.nxp.mcuxpresso.tools.win32_11.10.0.202311280810/tools/bin/../lib/gcc/arm-none-eabi/13.2.1/thumb/v7e-m+fp/hard\libcr_eabihelpers.a(memcpy.o)
                0x00004e68                __aeabi_lowlevel_memset
 .text.__sys_close
                0x00004e9a        0x6 C:/nxp/MCUXpressoIDE_11.10.0_3148/ide/plugins/com.nxp.mcuxpresso.tools.win32_11.10.0.202311280810/tools/bin/../lib/gcc/arm-none-eabi/13.2.1/../../../../arm-none-eabi/lib/thumb/v7e-m+fp/hard\libcr_nohost_nf.a(__sys_close.o)
                0x00004e9a                __sys_close
 .text.__sys_flen
                0x00004ea0        0x6 C:/nxp/MCUXpressoIDE_11.10.0_3148/ide/plugins/com.nxp.mcuxpresso.tools.win32_11.10.0.202311280810/tools/bin/../lib/gcc/arm-none-eabi/13.2.1/../../../../arm-none-eabi/lib/thumb/v7e-m+fp/hard\libcr_nohost_nf.a(__sys_flen.o)
                0x00004ea0                __sys_flen
 .text.__sys_istty
                0x00004ea6        0x6 C:/nxp/MCUXpressoIDE_11.10.0_3148/ide/plugins/com.nxp.mcuxpresso.tools.win32_11.10.0.202311280810/tools/bin/../lib/gcc/arm-none-eabi/13.2.1/../../../../arm-none-eabi/lib/thumb/v7e-m+fp/hard\libcr_nohost_nf.a(__sys_istty.o)
                0x00004ea6                __sys_istty
 .text.__sys_remove
                0x00004eac        0x6 C:/nxp/MCUXpressoIDE_11.10.0_3148/ide/plugins/com.nxp.mcuxpresso.tools.win32_11.10.0.202311280810/tools/bin/../lib/gcc/arm-none-eabi/13.2.1/../../../../arm-none-eabi/lib/thumb/v7e-m+fp/hard\libcr_nohost_nf.a(__sys_remove.o)
                0x00004eac                __sys_remove
 .text.__sys_seek
                0x00004eb2        0x6 C:/nxp/MCUXpressoIDE_11.10.0_3148/ide/plugins/com.nxp.mcuxpresso.tools.win32_11.10.0.202311280810/tools/bin/../lib/gcc/arm-none-eabi/13.2.1/../../../../arm-none-eabi/lib/thumb/v7e-m+fp/hard\libcr_nohost_nf.a(__sys_seek.o)
                0x00004eb2                __sys_seek
 .text.__sys_tmpnam
                0x00004eb8        0x6 C:/nxp/MCUXpressoIDE_11.10.0_3148/ide/plugins/com.nxp.mcuxpresso.tools.win32_11.10.0.202311280810/tools/bin/../lib/gcc/arm-none-eabi/13.2.1/../../../../arm-none-eabi/lib/thumb/v7e-m+fp/hard\libcr_nohost_nf.a(__sys_tmpnam.o)
                0x00004eb8                __sys_tmpnam
 .text.__sys_write
                0x00004ebe        0x4 C:/nxp/MCUXpressoIDE_11.10.0_3148/ide/plugins/com.nxp.mcuxpresso.tools.win32_11.10.0.202311280810/tools/bin/../lib/gcc/arm-none-eabi/13.2.1/../../../../arm-none-eabi/lib/thumb/v7e-m+fp/hard\libcr_nohost_nf.a(__sys_write.o)
                0x00004ebe                __sys_write
 *(SORT_BY_ALIGNMENT(.rodata) SORT_BY_ALIGNMENT(.rodata.*) SORT_BY_ALIGNMENT(.constdata) SORT_BY_ALIGNMENT(.constdata.*))
 *fill*         0x00004ec2        0x2 ff
 .rodata.__assertion_failed.str1.4
                0x00004ec4      0x9e0 ./utilities/fsl_assert.o
                                 0x14 (size before relaxing)
 .rodata.showMaze.str1.4
                0x000058a4       0x23 ./source/MazeGame.o
 .rodata.MovePlayer.str1.4
                0x000058a4       0xd6 ./source/MazeGame.o
 .rodata.resetGame.str1.4
                0x000058a4       0x2b ./source/MazeGame.o
 .rodata.PORT_SetPinConfig.str1.4
                0x000058a4       0x7b ./source/accelerometer.o
 .rodata.g_accel_address
                0x000058a4        0x4 ./source/accelerometer.o
                0x000058a4                g_accel_address
 .rodata.I2C_ReadAccelWhoAmI.str1.4
                0x000058a8      0x184 ./source/accelerometer.o
 .rodata.main.str1.4
                0x000058a8       0x93 ./source/main.o
 .rodata.PORTD_IRQHandler.str1.4
                0x000058a8       0x23 ./source/main.o
 .rodata.CLOCK_GetMcgExtClkFreq.str1.4
                0x000058a8       0x49 ./drivers/fsl_clock.o
 .rodata.CLOCK_GetOsc0ErClkUndivFreq.str1.4
                0x000058a8       0x1e ./drivers/fsl_clock.o
 .rodata.CLOCK_GetOsc0ErClkDivFreq.str1.4
                0x000058a8       0x1e ./drivers/fsl_clock.o
 .rodata.CLOCK_GetEr32kClkFreq.str1.4
                0x000058a8       0x1f ./drivers/fsl_clock.o
 .rodata.CLOCK_GetPll0Freq.str1.4
                0x000058a8       0x1d ./drivers/fsl_clock.o
 .rodata.CLOCK_EnablePll0.str1.4
                0x000058a8       0x1a ./drivers/fsl_clock.o
 .rodata.CLOCK_SetPbeMode.str1.4
                0x000058a8       0x1a ./drivers/fsl_clock.o
 .rodata.CLOCK_BootToPeeMode.str1.4
                0x000058a8       0x1a ./drivers/fsl_clock.o
 .rodata.fllFactorTable.1
                0x000058a8       0x10 ./drivers/fsl_clock.o
 .rodata.SDK_DelayAtLeastUs.str1.4
                0x000058b8       0x2b ./drivers/fsl_common_arm.o
 .rodata.s_portBases
                0x000058b8       0x14 ./drivers/fsl_gpio.o
 .rodata.s_gpioBases
                0x000058cc       0x14 ./drivers/fsl_gpio.o
 .rodata.GPIO_GetInstance.str1.4
                0x000058e0       0x33 ./drivers/fsl_gpio.o
 .rodata.GPIO_PinInit.str1.4
                0x000058e0       0x20 ./drivers/fsl_gpio.o
 .rodata.s_i2cDividerTable
                0x000058e0       0x80 ./drivers/fsl_i2c.o
 .rodata.s_i2cIrqs
                0x00005960        0x4 ./drivers/fsl_i2c.o
 .rodata.s_i2cClocks
                0x00005964       0x10 ./drivers/fsl_i2c.o
 .rodata.s_i2cBases
                0x00005974       0x10 ./drivers/fsl_i2c.o
 .rodata.I2C_GetInstance.str1.4
                0x00005984       0x32 ./drivers/fsl_i2c.o
 .rodata.I2C_MasterTransferRunStateMachine.str1.4
                0x00005984       0x16 ./drivers/fsl_i2c.o
 .rodata.I2C_MasterInit.str1.4
                0x00005984       0x4a ./drivers/fsl_i2c.o
 .rodata.I2C_MasterGetDefaultConfig.str1.4
                0x00005984       0x25 ./drivers/fsl_i2c.o
 .rodata.I2C_MasterTransferCreateHandle.str1.4
                0x00005984       0x20 ./drivers/fsl_i2c.o
 .rodata.I2C_MasterTransferNonBlocking.str1.4
                0x00005984       0x3e ./drivers/fsl_i2c.o
 .rodata.I2C_MasterTransferHandleIRQ.str1.4
                0x00005984       0x23 ./drivers/fsl_i2c.o
 .rodata.s_uartBases
                0x00005984       0x14 ./drivers/fsl_uart.o
 .rodata.s_uartClock
                0x00005998       0x14 ./drivers/fsl_uart.o
 .rodata.UART_GetInstance.str1.4
                0x000059ac       0x2b ./drivers/fsl_uart.o
 .rodata.UART_Init.str1.4
                0x000059ac       0xfb ./drivers/fsl_uart.o
 .rodata.UART_GetDefaultConfig.str1.4
                0x000059ac       0x20 ./drivers/fsl_uart.o
 .rodata.UART_ReadBlocking.str1.4
                0x000059ac       0x1e ./drivers/fsl_uart.o
 .rodata.s_UartAdapterBase
                0x000059ac       0x14 ./component/uart/fsl_adapter_uart.o
 .rodata.HAL_UartInit.str1.4
                0x000059c0       0xdd ./component/uart/fsl_adapter_uart.o
 .rodata.HAL_UartReceiveBlocking.str1.4
                0x000059c0       0x60 ./component/uart/fsl_adapter_uart.o
 .rodata.HAL_UartSendBlocking.str1.4
                0x000059c0       0x60 ./component/uart/fsl_adapter_uart.o
 .rodata.mcgConfig_BOARD_BootClockRUN
                0x000059c0        0xc ./board/clock_config.o
                0x000059c0                mcgConfig_BOARD_BootClockRUN
 .rodata.simConfig_BOARD_BootClockRUN
                0x000059cc        0x8 ./board/clock_config.o
                0x000059cc                simConfig_BOARD_BootClockRUN
 .rodata.oscConfig_BOARD_BootClockRUN
                0x000059d4        0x8 ./board/clock_config.o
                0x000059d4                oscConfig_BOARD_BootClockRUN
 .rodata.PORT_SetPinConfig.str1.4
                0x000059dc       0x7b ./board/pin_mux.o
 .rodata.__num_Ciob_streams
                0x000059dc        0x4 C:/nxp/MCUXpressoIDE_11.10.0_3148/ide/plugins/com.nxp.mcuxpresso.tools.win32_11.10.0.202311280810/tools/bin/../lib/gcc/arm-none-eabi/13.2.1/../../../../arm-none-eabi/lib/thumb/v7e-m+fp/hard\libcr_nohost_nf.a(__ciob.o)
                0x000059dc                __num_Ciob_streams
 .rodata._initio.str1.1
                0x000059e0        0x4 C:/nxp/MCUXpressoIDE_11.10.0_3148/ide/plugins/com.nxp.mcuxpresso.tools.win32_11.10.0.202311280810/tools/bin/../lib/gcc/arm-none-eabi/13.2.1/../../../../arm-none-eabi/lib/thumb/v7e-m+fp/hard\libcr_c.a(initio.o)
                0x00005aa8                        . = ALIGN (0x8)
 *fill*         0x000059e4        0x4 ff

.glue_7         0x000059e8        0x0
 .glue_7        0x000059e8        0x0 linker stubs

.glue_7t        0x000059e8        0x0
 .glue_7t       0x000059e8        0x0 linker stubs

.vfp11_veneer   0x000059e8        0x0
 .vfp11_veneer  0x000059e8        0x0 linker stubs

.v4_bx          0x000059e8        0x0
 .v4_bx         0x000059e8        0x0 linker stubs

.iplt           0x000059e8        0x0
 .iplt          0x000059e8        0x0 ./utilities/fsl_assert.o

.rel.dyn        0x000059e8        0x0
 .rel.iplt      0x000059e8        0x0 ./utilities/fsl_assert.o

.ARM.extab
 *(SORT_BY_ALIGNMENT(.ARM.extab*) SORT_BY_ALIGNMENT(.gnu.linkonce.armextab.*))

.ARM.exidx      0x000059e8        0x0
                0x000059e8                        __exidx_start = .
 *(SORT_BY_ALIGNMENT(.ARM.exidx*) SORT_BY_ALIGNMENT(.gnu.linkonce.armexidx.*))
                0x000059e8                        __exidx_end = .
                0x000059e8                        _etext = .

.m_usb_data
 *(SORT_BY_ALIGNMENT(m_usb_bdt))

.data_RAM2      0x1fff0000        0x0 load address 0x000059e8
 FILL mask 0xff
                [!provide]                        PROVIDE (__start_data_RAM2 = .)
                [!provide]                        PROVIDE (__start_data_SRAM_LOWER = .)
 *(SORT_BY_ALIGNMENT(.ramfunc.$RAM2))
 *(SORT_BY_ALIGNMENT(.ramfunc.$SRAM_LOWER))
 *(SORT_BY_ALIGNMENT(NonCacheable.init))
 *(SORT_BY_ALIGNMENT(.data.$RAM2))
 *(SORT_BY_ALIGNMENT(.data.$SRAM_LOWER))
 *(SORT_BY_ALIGNMENT(.data.$RAM2.*))
 *(SORT_BY_ALIGNMENT(.data.$SRAM_LOWER.*))
                0x1fff0000                        . = ALIGN (0x8)
                [!provide]                        PROVIDE (__end_data_RAM2 = .)
                [!provide]                        PROVIDE (__end_data_SRAM_LOWER = .)

.data_RAM3      0x14000000        0x0 load address 0x000059e8
 FILL mask 0xff
                [!provide]                        PROVIDE (__start_data_RAM3 = .)
                [!provide]                        PROVIDE (__start_data_FLEX_RAM = .)
 *(SORT_BY_ALIGNMENT(.ramfunc.$RAM3))
 *(SORT_BY_ALIGNMENT(.ramfunc.$FLEX_RAM))
 *(SORT_BY_ALIGNMENT(.data.$RAM3))
 *(SORT_BY_ALIGNMENT(.data.$FLEX_RAM))
 *(SORT_BY_ALIGNMENT(.data.$RAM3.*))
 *(SORT_BY_ALIGNMENT(.data.$FLEX_RAM.*))
                0x14000000                        . = ALIGN (0x8)
                [!provide]                        PROVIDE (__end_data_RAM3 = .)
                [!provide]                        PROVIDE (__end_data_FLEX_RAM = .)

.uninit_RESERVED
                0x20000000        0x0
                0x20000000                        _start_uninit_RESERVED = .
 *(SORT_BY_ALIGNMENT(.bss.$RESERVED*))
                0x20000000                        . = ALIGN (0x8)
                0x20000000                        _end_uninit_RESERVED = .

.data           0x20000000       0x50 load address 0x000059e8
 FILL mask 0xff
                0x20000000                        _data = .
                [!provide]                        PROVIDE (__start_data_RAM = .)
                [!provide]                        PROVIDE (__start_data_SRAM_UPPER = .)
 *(SORT_BY_ALIGNMENT(vtable))
 *(SORT_BY_ALIGNMENT(.ramfunc*))
 *(SORT_BY_ALIGNMENT(CodeQuickAccess))
 *(SORT_BY_ALIGNMENT(DataQuickAccess))
 *(SORT_BY_ALIGNMENT(RamFunction))
 *(SORT_BY_ALIGNMENT(.data*))
 .data.maze     0x20000000       0x40 ./source/MazeGame.o
                0x20000000                maze
 .data.s_slowIrcFreq
                0x20000040        0x4 ./drivers/fsl_clock.o
 .data.s_fastIrcFreq
                0x20000044        0x4 ./drivers/fsl_clock.o
 .data.SystemCoreClock
                0x20000048        0x4 ./device/system_MK66F18.o
                0x20000048                SystemCoreClock
 .data.MSBshift
                0x2000004c        0x1 ./source/accelerometer.o
                0x2000004c                MSBshift
 .data.LSBshift
                0x2000004d        0x1 ./source/accelerometer.o
                0x2000004d                LSBshift
                0x20000050                        . = ALIGN (0x8)
 *fill*         0x2000004e        0x2 ff
                0x20000050                        _edata = .
                [!provide]                        PROVIDE (__end_data_RAM = .)
                [!provide]                        PROVIDE (__end_data_SRAM_UPPER = .)

.igot.plt       0x20000050        0x0 load address 0x00005a38
 .igot.plt      0x20000050        0x0 ./utilities/fsl_assert.o

.bss_RAM2       0x1fff0000        0x0
                [!provide]                        PROVIDE (__start_bss_RAM2 = .)
                [!provide]                        PROVIDE (__start_bss_SRAM_LOWER = .)
 *(SORT_BY_ALIGNMENT(NonCacheable))
 *(SORT_BY_ALIGNMENT(.bss.$RAM2))
 *(SORT_BY_ALIGNMENT(.bss.$SRAM_LOWER))
 *(SORT_BY_ALIGNMENT(.bss.$RAM2.*))
 *(SORT_BY_ALIGNMENT(.bss.$SRAM_LOWER.*))
                0x1fff0000                        . = ALIGN ((. != 0x0)?0x8:0x1)
                [!provide]                        PROVIDE (__end_bss_RAM2 = .)
                [!provide]                        PROVIDE (__end_bss_SRAM_LOWER = .)

.bss_RAM3       0x14000000        0x0
                [!provide]                        PROVIDE (__start_bss_RAM3 = .)
                [!provide]                        PROVIDE (__start_bss_FLEX_RAM = .)
 *(SORT_BY_ALIGNMENT(.bss.$RAM3))
 *(SORT_BY_ALIGNMENT(.bss.$FLEX_RAM))
 *(SORT_BY_ALIGNMENT(.bss.$RAM3.*))
 *(SORT_BY_ALIGNMENT(.bss.$FLEX_RAM.*))
                0x14000000                        . = ALIGN ((. != 0x0)?0x8:0x1)
                [!provide]                        PROVIDE (__end_bss_RAM3 = .)
                [!provide]                        PROVIDE (__end_bss_FLEX_RAM = .)

.bss            0x20000050      0x150
                0x20000050                        _bss = .
                [!provide]                        PROVIDE (__start_bss_RAM = .)
                [!provide]                        PROVIDE (__start_bss_SRAM_UPPER = .)
 *(SORT_BY_ALIGNMENT(.bss*))
 .bss.s_debugConsole
                0x20000050       0x14 ./utilities/fsl_debug_console.o
 .bss.playerX   0x20000064        0x4 ./source/MazeGame.o
                0x20000064                playerX
 .bss.playerY   0x20000068        0x4 ./source/MazeGame.o
                0x20000068                playerY
 .bss.g_m_handle
                0x2000006c       0x28 ./source/accelerometer.o
                0x2000006c                g_m_handle
 .bss.s_extPllFreq
                0x20000094        0x4 ./drivers/fsl_clock.o
 .bss.g_xtal0Freq
                0x20000098        0x4 ./drivers/fsl_clock.o
                0x20000098                g_xtal0Freq
 .bss.g_xtal32Freq
                0x2000009c        0x4 ./drivers/fsl_clock.o
                0x2000009c                g_xtal32Freq
 .bss.s_i2cHandle
                0x200000a0       0x10 ./drivers/fsl_i2c.o
 .bss.s_i2cMasterIsr
                0x200000b0        0x4 ./drivers/fsl_i2c.o
 .bss.s_i2cSlaveIsr
                0x200000b4        0x4 ./drivers/fsl_i2c.o
 .bss.s_lpuartHandle
                0x200000b8        0x4 ./drivers/fsl_lpuart.o
                0x200000b8                s_lpuartHandle
 .bss.s_lpuartIsr
                0x200000bc        0x4 ./drivers/fsl_lpuart.o
                0x200000bc                s_lpuartIsr
 .bss.s_uartHandle
                0x200000c0       0x14 ./drivers/fsl_uart.o
                0x200000c0                s_uartHandle
 .bss.s_uartIsr
                0x200000d4        0x4 ./drivers/fsl_uart.o
                0x200000d4                s_uartIsr
 .bss.errno     0x200000d8        0x4 C:/nxp/MCUXpressoIDE_11.10.0_3148/ide/plugins/com.nxp.mcuxpresso.tools.win32_11.10.0.202311280810/tools/bin/../lib/gcc/arm-none-eabi/13.2.1/../../../../arm-none-eabi/lib/thumb/v7e-m+fp/hard\libcr_c.a(errno.o)
                0x200000d8                errno
 .bss.__Ciob    0x200000dc       0xb4 C:/nxp/MCUXpressoIDE_11.10.0_3148/ide/plugins/com.nxp.mcuxpresso.tools.win32_11.10.0.202311280810/tools/bin/../lib/gcc/arm-none-eabi/13.2.1/../../../../arm-none-eabi/lib/thumb/v7e-m+fp/hard\libcr_nohost_nf.a(__ciob.o)
                0x200000dc                __Ciob
 .bss.x_offset  0x20000190        0x2 ./source/accelerometer.o
                0x20000190                x_offset
 .bss.y_offset  0x20000192        0x2 ./source/accelerometer.o
                0x20000192                y_offset
 .bss.z_offset  0x20000194        0x2 ./source/accelerometer.o
                0x20000194                z_offset
 .bss.completionFlag
                0x20000196        0x1 ./source/accelerometer.o
                0x20000196                completionFlag
 .bss.nakFlag   0x20000197        0x1 ./source/accelerometer.o
                0x20000197                nakFlag
 .bss.g_accel_addr_found
                0x20000198        0x1 ./source/accelerometer.o
                0x20000198                g_accel_addr_found
 *(SORT_BY_ALIGNMENT(COMMON))
                0x200001a0                        . = ALIGN (0x8)
 *fill*         0x20000199        0x7 
                0x200001a0                        _ebss = .
                [!provide]                        PROVIDE (__end_bss_RAM = .)
                [!provide]                        PROVIDE (__end_bss_SRAM_UPPER = .)
                [!provide]                        PROVIDE (end = .)

.noinit_RAM2    0x1fff0000        0x0
                [!provide]                        PROVIDE (__start_noinit_RAM2 = .)
                [!provide]                        PROVIDE (__start_noinit_SRAM_LOWER = .)
 *(SORT_BY_ALIGNMENT(.noinit.$RAM2))
 *(SORT_BY_ALIGNMENT(.noinit.$SRAM_LOWER))
 *(SORT_BY_ALIGNMENT(.noinit.$RAM2.*))
 *(SORT_BY_ALIGNMENT(.noinit.$SRAM_LOWER.*))
                0x1fff0000                        . = ALIGN (0x8)
                [!provide]                        PROVIDE (__end_noinit_RAM2 = .)
                [!provide]                        PROVIDE (__end_noinit_SRAM_LOWER = .)

.noinit_RAM3    0x14000000        0x0
                [!provide]                        PROVIDE (__start_noinit_RAM3 = .)
                [!provide]                        PROVIDE (__start_noinit_FLEX_RAM = .)
 *(SORT_BY_ALIGNMENT(.noinit.$RAM3))
 *(SORT_BY_ALIGNMENT(.noinit.$FLEX_RAM))
 *(SORT_BY_ALIGNMENT(.noinit.$RAM3.*))
 *(SORT_BY_ALIGNMENT(.noinit.$FLEX_RAM.*))
                0x14000000                        . = ALIGN (0x8)
                [!provide]                        PROVIDE (__end_noinit_RAM3 = .)
                [!provide]                        PROVIDE (__end_noinit_FLEX_RAM = .)

.noinit         0x200001a0        0x0
                0x200001a0                        _noinit = .
                [!provide]                        PROVIDE (__start_noinit_RAM = .)
                [!provide]                        PROVIDE (__start_noinit_SRAM_UPPER = .)
 *(SORT_BY_ALIGNMENT(.noinit*))
                0x200001a0                        . = ALIGN (0x8)
                0x200001a0                        _end_noinit = .
                [!provide]                        PROVIDE (__end_noinit_RAM = .)
                [!provide]                        PROVIDE (__end_noinit_SRAM_UPPER = .)
                0x00001000                        _HeapSize = 0x1000

.heap           0x200001a0     0x1000
                0x200001a0                        _pvHeapStart = .
                0x200011a0                        . = (. + _HeapSize)
 *fill*         0x200001a0     0x1000 
                0x200011a0                        . = ALIGN (0x8)
                0x200011a0                        _pvHeapLimit = .
                0x00001000                        _StackSize = 0x1000

.heap2stackfill
                0x200011a0     0x1000
                0x200021a0                        . = (. + _StackSize)
 *fill*         0x200011a0     0x1000 

.stack          0x2002f000        0x0
                0x2002f000                        _vStackBase = .
                0x2002f000                        . = ALIGN (0x8)
                0x20030000                        _vStackTop = (. + _StackSize)
                0x00000000                        _image_start = LOADADDR (.text)
                0x00005a38                        _image_end = (LOADADDR (.data) + SIZEOF (.data))
                0x00005a38                        _image_size = (_image_end - _image_start)
OUTPUT(MazeGameFinal.axf elf32-littlearm)
LOAD linker stubs

.debug_info     0x00000000    0x12e6a
 .debug_info    0x00000000       0xc5 ./utilities/fsl_assert.o
 .debug_info    0x000000c5      0xe03 ./utilities/fsl_debug_console.o
 .debug_info    0x00000ec8      0xe97 ./startup/startup_mk66f18.o
 .debug_info    0x00001d5f      0x600 ./source/MazeGame.o
 .debug_info    0x0000235f     0x128c ./source/accelerometer.o
 .debug_info    0x000035eb       0x24 ./source/function.o
 .debug_info    0x0000360f      0xf7a ./source/main.o
 .debug_info    0x00004589     0x296f ./drivers/fsl_clock.o
 .debug_info    0x00006ef8      0x10d ./drivers/fsl_common_arm.o
 .debug_info    0x00007005      0x6bb ./drivers/fsl_gpio.o
 .debug_info    0x000076c0     0x1f92 ./drivers/fsl_i2c.o
 .debug_info    0x00009652     0x1e86 ./drivers/fsl_lpuart.o
 .debug_info    0x0000b4d8     0x20dd ./drivers/fsl_uart.o
 .debug_info    0x0000d5b5      0xa4e ./device/system_MK66F18.o
 .debug_info    0x0000e003      0xbe9 ./component/uart/fsl_adapter_uart.o
 .debug_info    0x0000ebec      0x11f ./board/board.o
 .debug_info    0x0000ed0b      0xdfa ./board/clock_config.o
 .debug_info    0x0000fb05      0x8ee ./board/pin_mux.o
 .debug_info    0x000103f3       0x85 C:/nxp/MCUXpressoIDE_11.10.0_3148/ide/plugins/com.nxp.mcuxpresso.tools.win32_11.10.0.202311280810/tools/bin/../lib/gcc/arm-none-eabi/13.2.1/../../../../arm-none-eabi/lib/thumb/v7e-m+fp/hard\libcr_nohost_nf.a(_cr__main.o)
 .debug_info    0x00010478      0x12b C:/nxp/MCUXpressoIDE_11.10.0_3148/ide/plugins/com.nxp.mcuxpresso.tools.win32_11.10.0.202311280810/tools/bin/../lib/gcc/arm-none-eabi/13.2.1/../../../../arm-none-eabi/lib/thumb/v7e-m+fp/hard\libcr_c.a(memcpy.o)
 .debug_info    0x000105a3       0xfc C:/nxp/MCUXpressoIDE_11.10.0_3148/ide/plugins/com.nxp.mcuxpresso.tools.win32_11.10.0.202311280810/tools/bin/../lib/gcc/arm-none-eabi/13.2.1/../../../../arm-none-eabi/lib/thumb/v7e-m+fp/hard\libcr_c.a(memset.o)
 .debug_info    0x0001069f      0x520 C:/nxp/MCUXpressoIDE_11.10.0_3148/ide/plugins/com.nxp.mcuxpresso.tools.win32_11.10.0.202311280810/tools/bin/../lib/gcc/arm-none-eabi/13.2.1/../../../../arm-none-eabi/lib/thumb/v7e-m+fp/hard\libcr_c.a(alloc.o)
 .debug_info    0x00010bbf      0x339 C:/nxp/MCUXpressoIDE_11.10.0_3148/ide/plugins/com.nxp.mcuxpresso.tools.win32_11.10.0.202311280810/tools/bin/../lib/gcc/arm-none-eabi/13.2.1/../../../../arm-none-eabi/lib/thumb/v7e-m+fp/hard\libcr_c.a(initio.o)
 .debug_info    0x00010ef8      0x1fd C:/nxp/MCUXpressoIDE_11.10.0_3148/ide/plugins/com.nxp.mcuxpresso.tools.win32_11.10.0.202311280810/tools/bin/../lib/gcc/arm-none-eabi/13.2.1/../../../../arm-none-eabi/lib/thumb/v7e-m+fp/hard\libcr_c.a(setvbuf.o)
 .debug_info    0x000110f5       0xe1 C:/nxp/MCUXpressoIDE_11.10.0_3148/ide/plugins/com.nxp.mcuxpresso.tools.win32_11.10.0.202311280810/tools/bin/../lib/gcc/arm-none-eabi/13.2.1/../../../../arm-none-eabi/lib/thumb/v7e-m+fp/hard\libcr_c.a(strlen.o)
 .debug_info    0x000111d6      0x24b C:/nxp/MCUXpressoIDE_11.10.0_3148/ide/plugins/com.nxp.mcuxpresso.tools.win32_11.10.0.202311280810/tools/bin/../lib/gcc/arm-none-eabi/13.2.1/../../../../arm-none-eabi/lib/thumb/v7e-m+fp/hard\libcr_c.a(_fdopen.o)
 .debug_info    0x00011421       0x44 C:/nxp/MCUXpressoIDE_11.10.0_3148/ide/plugins/com.nxp.mcuxpresso.tools.win32_11.10.0.202311280810/tools/bin/../lib/gcc/arm-none-eabi/13.2.1/../../../../arm-none-eabi/lib/thumb/v7e-m+fp/hard\libcr_c.a(errno.o)
 .debug_info    0x00011465      0x318 C:/nxp/MCUXpressoIDE_11.10.0_3148/ide/plugins/com.nxp.mcuxpresso.tools.win32_11.10.0.202311280810/tools/bin/../lib/gcc/arm-none-eabi/13.2.1/../../../../arm-none-eabi/lib/thumb/v7e-m+fp/hard\libcr_c.a(fclose.o)
 .debug_info    0x0001177d      0x209 C:/nxp/MCUXpressoIDE_11.10.0_3148/ide/plugins/com.nxp.mcuxpresso.tools.win32_11.10.0.202311280810/tools/bin/../lib/gcc/arm-none-eabi/13.2.1/../../../../arm-none-eabi/lib/thumb/v7e-m+fp/hard\libcr_c.a(fflush.o)
 .debug_info    0x00011986      0x276 C:/nxp/MCUXpressoIDE_11.10.0_3148/ide/plugins/com.nxp.mcuxpresso.tools.win32_11.10.0.202311280810/tools/bin/../lib/gcc/arm-none-eabi/13.2.1/../../../../arm-none-eabi/lib/thumb/v7e-m+fp/hard\libcr_c.a(fseek.o)
 .debug_info    0x00011bfc      0x197 C:/nxp/MCUXpressoIDE_11.10.0_3148/ide/plugins/com.nxp.mcuxpresso.tools.win32_11.10.0.202311280810/tools/bin/../lib/gcc/arm-none-eabi/13.2.1/../../../../arm-none-eabi/lib/thumb/v7e-m+fp/hard\libcr_c.a(ftell.o)
 .debug_info    0x00011d93      0x1d7 C:/nxp/MCUXpressoIDE_11.10.0_3148/ide/plugins/com.nxp.mcuxpresso.tools.win32_11.10.0.202311280810/tools/bin/../lib/gcc/arm-none-eabi/13.2.1/../../../../arm-none-eabi/lib/thumb/v7e-m+fp/hard\libcr_c.a(remove.o)
 .debug_info    0x00011f6a      0x23a C:/nxp/MCUXpressoIDE_11.10.0_3148/ide/plugins/com.nxp.mcuxpresso.tools.win32_11.10.0.202311280810/tools/bin/../lib/gcc/arm-none-eabi/13.2.1/../../../../arm-none-eabi/lib/thumb/v7e-m+fp/hard\libcr_c.a(_do_fflush.o)
 .debug_info    0x000121a4      0x1e3 C:/nxp/MCUXpressoIDE_11.10.0_3148/ide/plugins/com.nxp.mcuxpresso.tools.win32_11.10.0.202311280810/tools/bin/../lib/gcc/arm-none-eabi/13.2.1/../../../../arm-none-eabi/lib/thumb/v7e-m+fp/hard\libcr_c.a(_fflush.o)
 .debug_info    0x00012387      0x289 C:/nxp/MCUXpressoIDE_11.10.0_3148/ide/plugins/com.nxp.mcuxpresso.tools.win32_11.10.0.202311280810/tools/bin/../lib/gcc/arm-none-eabi/13.2.1/../../../../arm-none-eabi/lib/thumb/v7e-m+fp/hard\libcr_c.a(_writebuf.o)
 .debug_info    0x00012610      0x369 C:/nxp/MCUXpressoIDE_11.10.0_3148/ide/plugins/com.nxp.mcuxpresso.tools.win32_11.10.0.202311280810/tools/bin/../lib/gcc/arm-none-eabi/13.2.1/../../../../arm-none-eabi/lib/thumb/v7e-m+fp/hard\libcr_c.a(_deferredlazyseek.o)
 .debug_info    0x00012979      0x18b C:/nxp/MCUXpressoIDE_11.10.0_3148/ide/plugins/com.nxp.mcuxpresso.tools.win32_11.10.0.202311280810/tools/bin/../lib/gcc/arm-none-eabi/13.2.1/../../../../arm-none-eabi/lib/thumb/v7e-m+fp/hard\libcr_nohost_nf.a(__ciob.o)
 .debug_info    0x00012b04       0x6a C:/nxp/MCUXpressoIDE_11.10.0_3148/ide/plugins/com.nxp.mcuxpresso.tools.win32_11.10.0.202311280810/tools/bin/../lib/gcc/arm-none-eabi/13.2.1/../../../../arm-none-eabi/lib/thumb/v7e-m+fp/hard\libcr_nohost_nf.a(__sys_close.o)
 .debug_info    0x00012b6e       0x6a C:/nxp/MCUXpressoIDE_11.10.0_3148/ide/plugins/com.nxp.mcuxpresso.tools.win32_11.10.0.202311280810/tools/bin/../lib/gcc/arm-none-eabi/13.2.1/../../../../arm-none-eabi/lib/thumb/v7e-m+fp/hard\libcr_nohost_nf.a(__sys_flen.o)
 .debug_info    0x00012bd8       0x6a C:/nxp/MCUXpressoIDE_11.10.0_3148/ide/plugins/com.nxp.mcuxpresso.tools.win32_11.10.0.202311280810/tools/bin/../lib/gcc/arm-none-eabi/13.2.1/../../../../arm-none-eabi/lib/thumb/v7e-m+fp/hard\libcr_nohost_nf.a(__sys_istty.o)
 .debug_info    0x00012c42       0x8a C:/nxp/MCUXpressoIDE_11.10.0_3148/ide/plugins/com.nxp.mcuxpresso.tools.win32_11.10.0.202311280810/tools/bin/../lib/gcc/arm-none-eabi/13.2.1/../../../../arm-none-eabi/lib/thumb/v7e-m+fp/hard\libcr_nohost_nf.a(__sys_remove.o)
 .debug_info    0x00012ccc       0x78 C:/nxp/MCUXpressoIDE_11.10.0_3148/ide/plugins/com.nxp.mcuxpresso.tools.win32_11.10.0.202311280810/tools/bin/../lib/gcc/arm-none-eabi/13.2.1/../../../../arm-none-eabi/lib/thumb/v7e-m+fp/hard\libcr_nohost_nf.a(__sys_seek.o)
 .debug_info    0x00012d44       0x93 C:/nxp/MCUXpressoIDE_11.10.0_3148/ide/plugins/com.nxp.mcuxpresso.tools.win32_11.10.0.202311280810/tools/bin/../lib/gcc/arm-none-eabi/13.2.1/../../../../arm-none-eabi/lib/thumb/v7e-m+fp/hard\libcr_nohost_nf.a(__sys_tmpnam.o)
 .debug_info    0x00012dd7       0x93 C:/nxp/MCUXpressoIDE_11.10.0_3148/ide/plugins/com.nxp.mcuxpresso.tools.win32_11.10.0.202311280810/tools/bin/../lib/gcc/arm-none-eabi/13.2.1/../../../../arm-none-eabi/lib/thumb/v7e-m+fp/hard\libcr_nohost_nf.a(__sys_write.o)

.debug_abbrev   0x00000000     0x3dc1
 .debug_abbrev  0x00000000       0x90 ./utilities/fsl_assert.o
 .debug_abbrev  0x00000090      0x285 ./utilities/fsl_debug_console.o
 .debug_abbrev  0x00000315      0x17a ./startup/startup_mk66f18.o
 .debug_abbrev  0x0000048f      0x1c1 ./source/MazeGame.o
 .debug_abbrev  0x00000650      0x37e ./source/accelerometer.o
 .debug_abbrev  0x000009ce       0x14 ./source/function.o
 .debug_abbrev  0x000009e2      0x308 ./source/main.o
 .debug_abbrev  0x00000cea      0x381 ./drivers/fsl_clock.o
 .debug_abbrev  0x0000106b       0xba ./drivers/fsl_common_arm.o
 .debug_abbrev  0x00001125      0x1a5 ./drivers/fsl_gpio.o
 .debug_abbrev  0x000012ca      0x392 ./drivers/fsl_i2c.o
 .debug_abbrev  0x0000165c      0x43f ./drivers/fsl_lpuart.o
 .debug_abbrev  0x00001a9b      0x45d ./drivers/fsl_uart.o
 .debug_abbrev  0x00001ef8      0x148 ./device/system_MK66F18.o
 .debug_abbrev  0x00002040      0x214 ./component/uart/fsl_adapter_uart.o
 .debug_abbrev  0x00002254       0xb8 ./board/board.o
 .debug_abbrev  0x0000230c      0x247 ./board/clock_config.o
 .debug_abbrev  0x00002553      0x248 ./board/pin_mux.o
 .debug_abbrev  0x0000279b       0x70 C:/nxp/MCUXpressoIDE_11.10.0_3148/ide/plugins/com.nxp.mcuxpresso.tools.win32_11.10.0.202311280810/tools/bin/../lib/gcc/arm-none-eabi/13.2.1/../../../../arm-none-eabi/lib/thumb/v7e-m+fp/hard\libcr_nohost_nf.a(_cr__main.o)
 .debug_abbrev  0x0000280b       0xb6 C:/nxp/MCUXpressoIDE_11.10.0_3148/ide/plugins/com.nxp.mcuxpresso.tools.win32_11.10.0.202311280810/tools/bin/../lib/gcc/arm-none-eabi/13.2.1/../../../../arm-none-eabi/lib/thumb/v7e-m+fp/hard\libcr_c.a(memcpy.o)
 .debug_abbrev  0x000028c1       0xa8 C:/nxp/MCUXpressoIDE_11.10.0_3148/ide/plugins/com.nxp.mcuxpresso.tools.win32_11.10.0.202311280810/tools/bin/../lib/gcc/arm-none-eabi/13.2.1/../../../../arm-none-eabi/lib/thumb/v7e-m+fp/hard\libcr_c.a(memset.o)
 .debug_abbrev  0x00002969      0x284 C:/nxp/MCUXpressoIDE_11.10.0_3148/ide/plugins/com.nxp.mcuxpresso.tools.win32_11.10.0.202311280810/tools/bin/../lib/gcc/arm-none-eabi/13.2.1/../../../../arm-none-eabi/lib/thumb/v7e-m+fp/hard\libcr_c.a(alloc.o)
 .debug_abbrev  0x00002bed      0x169 C:/nxp/MCUXpressoIDE_11.10.0_3148/ide/plugins/com.nxp.mcuxpresso.tools.win32_11.10.0.202311280810/tools/bin/../lib/gcc/arm-none-eabi/13.2.1/../../../../arm-none-eabi/lib/thumb/v7e-m+fp/hard\libcr_c.a(initio.o)
 .debug_abbrev  0x00002d56       0xe1 C:/nxp/MCUXpressoIDE_11.10.0_3148/ide/plugins/com.nxp.mcuxpresso.tools.win32_11.10.0.202311280810/tools/bin/../lib/gcc/arm-none-eabi/13.2.1/../../../../arm-none-eabi/lib/thumb/v7e-m+fp/hard\libcr_c.a(setvbuf.o)
 .debug_abbrev  0x00002e37       0xa7 C:/nxp/MCUXpressoIDE_11.10.0_3148/ide/plugins/com.nxp.mcuxpresso.tools.win32_11.10.0.202311280810/tools/bin/../lib/gcc/arm-none-eabi/13.2.1/../../../../arm-none-eabi/lib/thumb/v7e-m+fp/hard\libcr_c.a(strlen.o)
 .debug_abbrev  0x00002ede      0x119 C:/nxp/MCUXpressoIDE_11.10.0_3148/ide/plugins/com.nxp.mcuxpresso.tools.win32_11.10.0.202311280810/tools/bin/../lib/gcc/arm-none-eabi/13.2.1/../../../../arm-none-eabi/lib/thumb/v7e-m+fp/hard\libcr_c.a(_fdopen.o)
 .debug_abbrev  0x00002ff7       0x44 C:/nxp/MCUXpressoIDE_11.10.0_3148/ide/plugins/com.nxp.mcuxpresso.tools.win32_11.10.0.202311280810/tools/bin/../lib/gcc/arm-none-eabi/13.2.1/../../../../arm-none-eabi/lib/thumb/v7e-m+fp/hard\libcr_c.a(errno.o)
 .debug_abbrev  0x0000303b      0x155 C:/nxp/MCUXpressoIDE_11.10.0_3148/ide/plugins/com.nxp.mcuxpresso.tools.win32_11.10.0.202311280810/tools/bin/../lib/gcc/arm-none-eabi/13.2.1/../../../../arm-none-eabi/lib/thumb/v7e-m+fp/hard\libcr_c.a(fclose.o)
 .debug_abbrev  0x00003190      0x125 C:/nxp/MCUXpressoIDE_11.10.0_3148/ide/plugins/com.nxp.mcuxpresso.tools.win32_11.10.0.202311280810/tools/bin/../lib/gcc/arm-none-eabi/13.2.1/../../../../arm-none-eabi/lib/thumb/v7e-m+fp/hard\libcr_c.a(fflush.o)
 .debug_abbrev  0x000032b5      0x11b C:/nxp/MCUXpressoIDE_11.10.0_3148/ide/plugins/com.nxp.mcuxpresso.tools.win32_11.10.0.202311280810/tools/bin/../lib/gcc/arm-none-eabi/13.2.1/../../../../arm-none-eabi/lib/thumb/v7e-m+fp/hard\libcr_c.a(fseek.o)
 .debug_abbrev  0x000033d0       0xc2 C:/nxp/MCUXpressoIDE_11.10.0_3148/ide/plugins/com.nxp.mcuxpresso.tools.win32_11.10.0.202311280810/tools/bin/../lib/gcc/arm-none-eabi/13.2.1/../../../../arm-none-eabi/lib/thumb/v7e-m+fp/hard\libcr_c.a(ftell.o)
 .debug_abbrev  0x00003492       0xfb C:/nxp/MCUXpressoIDE_11.10.0_3148/ide/plugins/com.nxp.mcuxpresso.tools.win32_11.10.0.202311280810/tools/bin/../lib/gcc/arm-none-eabi/13.2.1/../../../../arm-none-eabi/lib/thumb/v7e-m+fp/hard\libcr_c.a(remove.o)
 .debug_abbrev  0x0000358d      0x12c C:/nxp/MCUXpressoIDE_11.10.0_3148/ide/plugins/com.nxp.mcuxpresso.tools.win32_11.10.0.202311280810/tools/bin/../lib/gcc/arm-none-eabi/13.2.1/../../../../arm-none-eabi/lib/thumb/v7e-m+fp/hard\libcr_c.a(_do_fflush.o)
 .debug_abbrev  0x000036b9       0xf1 C:/nxp/MCUXpressoIDE_11.10.0_3148/ide/plugins/com.nxp.mcuxpresso.tools.win32_11.10.0.202311280810/tools/bin/../lib/gcc/arm-none-eabi/13.2.1/../../../../arm-none-eabi/lib/thumb/v7e-m+fp/hard\libcr_c.a(_fflush.o)
 .debug_abbrev  0x000037aa      0x126 C:/nxp/MCUXpressoIDE_11.10.0_3148/ide/plugins/com.nxp.mcuxpresso.tools.win32_11.10.0.202311280810/tools/bin/../lib/gcc/arm-none-eabi/13.2.1/../../../../arm-none-eabi/lib/thumb/v7e-m+fp/hard\libcr_c.a(_writebuf.o)
 .debug_abbrev  0x000038d0      0x152 C:/nxp/MCUXpressoIDE_11.10.0_3148/ide/plugins/com.nxp.mcuxpresso.tools.win32_11.10.0.202311280810/tools/bin/../lib/gcc/arm-none-eabi/13.2.1/../../../../arm-none-eabi/lib/thumb/v7e-m+fp/hard\libcr_c.a(_deferredlazyseek.o)
 .debug_abbrev  0x00003a22       0xb5 C:/nxp/MCUXpressoIDE_11.10.0_3148/ide/plugins/com.nxp.mcuxpresso.tools.win32_11.10.0.202311280810/tools/bin/../lib/gcc/arm-none-eabi/13.2.1/../../../../arm-none-eabi/lib/thumb/v7e-m+fp/hard\libcr_nohost_nf.a(__ciob.o)
 .debug_abbrev  0x00003ad7       0x5c C:/nxp/MCUXpressoIDE_11.10.0_3148/ide/plugins/com.nxp.mcuxpresso.tools.win32_11.10.0.202311280810/tools/bin/../lib/gcc/arm-none-eabi/13.2.1/../../../../arm-none-eabi/lib/thumb/v7e-m+fp/hard\libcr_nohost_nf.a(__sys_close.o)
 .debug_abbrev  0x00003b33       0x5c C:/nxp/MCUXpressoIDE_11.10.0_3148/ide/plugins/com.nxp.mcuxpresso.tools.win32_11.10.0.202311280810/tools/bin/../lib/gcc/arm-none-eabi/13.2.1/../../../../arm-none-eabi/lib/thumb/v7e-m+fp/hard\libcr_nohost_nf.a(__sys_flen.o)
 .debug_abbrev  0x00003b8f       0x5c C:/nxp/MCUXpressoIDE_11.10.0_3148/ide/plugins/com.nxp.mcuxpresso.tools.win32_11.10.0.202311280810/tools/bin/../lib/gcc/arm-none-eabi/13.2.1/../../../../arm-none-eabi/lib/thumb/v7e-m+fp/hard\libcr_nohost_nf.a(__sys_istty.o)
 .debug_abbrev  0x00003beb       0x7d C:/nxp/MCUXpressoIDE_11.10.0_3148/ide/plugins/com.nxp.mcuxpresso.tools.win32_11.10.0.202311280810/tools/bin/../lib/gcc/arm-none-eabi/13.2.1/../../../../arm-none-eabi/lib/thumb/v7e-m+fp/hard\libcr_nohost_nf.a(__sys_remove.o)
 .debug_abbrev  0x00003c68       0x6d C:/nxp/MCUXpressoIDE_11.10.0_3148/ide/plugins/com.nxp.mcuxpresso.tools.win32_11.10.0.202311280810/tools/bin/../lib/gcc/arm-none-eabi/13.2.1/../../../../arm-none-eabi/lib/thumb/v7e-m+fp/hard\libcr_nohost_nf.a(__sys_seek.o)
 .debug_abbrev  0x00003cd5       0x76 C:/nxp/MCUXpressoIDE_11.10.0_3148/ide/plugins/com.nxp.mcuxpresso.tools.win32_11.10.0.202311280810/tools/bin/../lib/gcc/arm-none-eabi/13.2.1/../../../../arm-none-eabi/lib/thumb/v7e-m+fp/hard\libcr_nohost_nf.a(__sys_tmpnam.o)
 .debug_abbrev  0x00003d4b       0x76 C:/nxp/MCUXpressoIDE_11.10.0_3148/ide/plugins/com.nxp.mcuxpresso.tools.win32_11.10.0.202311280810/tools/bin/../lib/gcc/arm-none-eabi/13.2.1/../../../../arm-none-eabi/lib/thumb/v7e-m+fp/hard\libcr_nohost_nf.a(__sys_write.o)

.debug_aranges  0x00000000     0x1158
 .debug_aranges
                0x00000000       0x20 ./utilities/fsl_assert.o
 .debug_aranges
                0x00000020       0x78 ./utilities/fsl_debug_console.o
 .debug_aranges
                0x00000098      0x3a0 ./startup/startup_mk66f18.o
 .debug_aranges
                0x00000438       0x50 ./source/MazeGame.o
 .debug_aranges
                0x00000488       0x70 ./source/accelerometer.o
 .debug_aranges
                0x000004f8       0x20 ./source/function.o
 .debug_aranges
                0x00000518       0x50 ./source/main.o
 .debug_aranges
                0x00000568      0x258 ./drivers/fsl_clock.o
 .debug_aranges
                0x000007c0       0x28 ./drivers/fsl_common_arm.o
 .debug_aranges
                0x000007e8       0x40 ./drivers/fsl_gpio.o
 .debug_aranges
                0x00000828      0x188 ./drivers/fsl_i2c.o
 .debug_aranges
                0x000009b0      0x138 ./drivers/fsl_lpuart.o
 .debug_aranges
                0x00000ae8      0x1a8 ./drivers/fsl_uart.o
 .debug_aranges
                0x00000c90       0x30 ./device/system_MK66F18.o
 .debug_aranges
                0x00000cc0       0x50 ./component/uart/fsl_adapter_uart.o
 .debug_aranges
                0x00000d10       0x20 ./board/board.o
 .debug_aranges
                0x00000d30       0x60 ./board/clock_config.o
 .debug_aranges
                0x00000d90       0x60 ./board/pin_mux.o
 .debug_aranges
                0x00000df0       0x20 C:/nxp/MCUXpressoIDE_11.10.0_3148/ide/plugins/com.nxp.mcuxpresso.tools.win32_11.10.0.202311280810/tools/bin/../lib/gcc/arm-none-eabi/13.2.1/../../../../arm-none-eabi/lib/thumb/v7e-m+fp/hard\libcr_nohost_nf.a(_cr__main.o)
 .debug_aranges
                0x00000e10       0x20 C:/nxp/MCUXpressoIDE_11.10.0_3148/ide/plugins/com.nxp.mcuxpresso.tools.win32_11.10.0.202311280810/tools/bin/../lib/gcc/arm-none-eabi/13.2.1/../../../../arm-none-eabi/lib/thumb/v7e-m+fp/hard\libcr_c.a(memcpy.o)
 .debug_aranges
                0x00000e30       0x20 C:/nxp/MCUXpressoIDE_11.10.0_3148/ide/plugins/com.nxp.mcuxpresso.tools.win32_11.10.0.202311280810/tools/bin/../lib/gcc/arm-none-eabi/13.2.1/../../../../arm-none-eabi/lib/thumb/v7e-m+fp/hard\libcr_c.a(memset.o)
 .debug_aranges
                0x00000e50       0x40 C:/nxp/MCUXpressoIDE_11.10.0_3148/ide/plugins/com.nxp.mcuxpresso.tools.win32_11.10.0.202311280810/tools/bin/../lib/gcc/arm-none-eabi/13.2.1/../../../../arm-none-eabi/lib/thumb/v7e-m+fp/hard\libcr_c.a(alloc.o)
 .debug_aranges
                0x00000e90       0x28 C:/nxp/MCUXpressoIDE_11.10.0_3148/ide/plugins/com.nxp.mcuxpresso.tools.win32_11.10.0.202311280810/tools/bin/../lib/gcc/arm-none-eabi/13.2.1/../../../../arm-none-eabi/lib/thumb/v7e-m+fp/hard\libcr_c.a(initio.o)
 .debug_aranges
                0x00000eb8       0x20 C:/nxp/MCUXpressoIDE_11.10.0_3148/ide/plugins/com.nxp.mcuxpresso.tools.win32_11.10.0.202311280810/tools/bin/../lib/gcc/arm-none-eabi/13.2.1/../../../../arm-none-eabi/lib/thumb/v7e-m+fp/hard\libcr_c.a(setvbuf.o)
 .debug_aranges
                0x00000ed8       0x20 C:/nxp/MCUXpressoIDE_11.10.0_3148/ide/plugins/com.nxp.mcuxpresso.tools.win32_11.10.0.202311280810/tools/bin/../lib/gcc/arm-none-eabi/13.2.1/../../../../arm-none-eabi/lib/thumb/v7e-m+fp/hard\libcr_c.a(strlen.o)
 .debug_aranges
                0x00000ef8       0x20 C:/nxp/MCUXpressoIDE_11.10.0_3148/ide/plugins/com.nxp.mcuxpresso.tools.win32_11.10.0.202311280810/tools/bin/../lib/gcc/arm-none-eabi/13.2.1/../../../../arm-none-eabi/lib/thumb/v7e-m+fp/hard\libcr_c.a(_fdopen.o)
 .debug_aranges
                0x00000f18       0x18 C:/nxp/MCUXpressoIDE_11.10.0_3148/ide/plugins/com.nxp.mcuxpresso.tools.win32_11.10.0.202311280810/tools/bin/../lib/gcc/arm-none-eabi/13.2.1/../../../../arm-none-eabi/lib/thumb/v7e-m+fp/hard\libcr_c.a(errno.o)
 .debug_aranges
                0x00000f30       0x20 C:/nxp/MCUXpressoIDE_11.10.0_3148/ide/plugins/com.nxp.mcuxpresso.tools.win32_11.10.0.202311280810/tools/bin/../lib/gcc/arm-none-eabi/13.2.1/../../../../arm-none-eabi/lib/thumb/v7e-m+fp/hard\libcr_c.a(fclose.o)
 .debug_aranges
                0x00000f50       0x20 C:/nxp/MCUXpressoIDE_11.10.0_3148/ide/plugins/com.nxp.mcuxpresso.tools.win32_11.10.0.202311280810/tools/bin/../lib/gcc/arm-none-eabi/13.2.1/../../../../arm-none-eabi/lib/thumb/v7e-m+fp/hard\libcr_c.a(fflush.o)
 .debug_aranges
                0x00000f70       0x20 C:/nxp/MCUXpressoIDE_11.10.0_3148/ide/plugins/com.nxp.mcuxpresso.tools.win32_11.10.0.202311280810/tools/bin/../lib/gcc/arm-none-eabi/13.2.1/../../../../arm-none-eabi/lib/thumb/v7e-m+fp/hard\libcr_c.a(fseek.o)
 .debug_aranges
                0x00000f90       0x20 C:/nxp/MCUXpressoIDE_11.10.0_3148/ide/plugins/com.nxp.mcuxpresso.tools.win32_11.10.0.202311280810/tools/bin/../lib/gcc/arm-none-eabi/13.2.1/../../../../arm-none-eabi/lib/thumb/v7e-m+fp/hard\libcr_c.a(ftell.o)
 .debug_aranges
                0x00000fb0       0x28 C:/nxp/MCUXpressoIDE_11.10.0_3148/ide/plugins/com.nxp.mcuxpresso.tools.win32_11.10.0.202311280810/tools/bin/../lib/gcc/arm-none-eabi/13.2.1/../../../../arm-none-eabi/lib/thumb/v7e-m+fp/hard\libcr_c.a(remove.o)
 .debug_aranges
                0x00000fd8       0x20 C:/nxp/MCUXpressoIDE_11.10.0_3148/ide/plugins/com.nxp.mcuxpresso.tools.win32_11.10.0.202311280810/tools/bin/../lib/gcc/arm-none-eabi/13.2.1/../../../../arm-none-eabi/lib/thumb/v7e-m+fp/hard\libcr_c.a(_do_fflush.o)
 .debug_aranges
                0x00000ff8       0x20 C:/nxp/MCUXpressoIDE_11.10.0_3148/ide/plugins/com.nxp.mcuxpresso.tools.win32_11.10.0.202311280810/tools/bin/../lib/gcc/arm-none-eabi/13.2.1/../../../../arm-none-eabi/lib/thumb/v7e-m+fp/hard\libcr_c.a(_fflush.o)
 .debug_aranges
                0x00001018       0x20 C:/nxp/MCUXpressoIDE_11.10.0_3148/ide/plugins/com.nxp.mcuxpresso.tools.win32_11.10.0.202311280810/tools/bin/../lib/gcc/arm-none-eabi/13.2.1/../../../../arm-none-eabi/lib/thumb/v7e-m+fp/hard\libcr_c.a(_writebuf.o)
 .debug_aranges
                0x00001038       0x28 C:/nxp/MCUXpressoIDE_11.10.0_3148/ide/plugins/com.nxp.mcuxpresso.tools.win32_11.10.0.202311280810/tools/bin/../lib/gcc/arm-none-eabi/13.2.1/../../../../arm-none-eabi/lib/thumb/v7e-m+fp/hard\libcr_c.a(_deferredlazyseek.o)
 .debug_aranges
                0x00001060       0x18 C:/nxp/MCUXpressoIDE_11.10.0_3148/ide/plugins/com.nxp.mcuxpresso.tools.win32_11.10.0.202311280810/tools/bin/../lib/gcc/arm-none-eabi/13.2.1/../../../../arm-none-eabi/lib/thumb/v7e-m+fp/hard\libcr_nohost_nf.a(__ciob.o)
 .debug_aranges