C:\Users\masum\Documents\MCUXpressoIDE_11.10.0_3148\workspace20\project-main\MazeGameFinal\CMSIS/core_cm4.h:1679:22:__NVIC_EnableIRQ	16	static
C:\Users\masum\Documents\MCUXpressoIDE_11.10.0_3148\workspace20\project-main\MazeGameFinal\drivers/fsl_clock.h:725:20:CLOCK_EnableClock	24	static
C:\Users\masum\Documents\MCUXpressoIDE_11.10.0_3148\workspace20\project-main\MazeGameFinal\drivers/fsl_common_arm.h:499:24:EnableIRQ	24	static
C:\Users\masum\Documents\MCUXpressoIDE_11.10.0_3148\workspace20\project-main\MazeGameFinal\drivers/fsl_port.h:443:20:PORT_SetPinInterruptConfig	24	static
../source/main.c:28:5:main	40	static
../source/main.c:127:6:setupResetButton	16	static
../source/main.c:145:6:PORTD_IRQHandler	8	static
